../Core/Src/main.c:127:5:main	8	static
../Core/Src/main.c:230:6:SystemClock_Config	88	static
../Core/Src/main.c:280:6:HAL_UART_RxCpltCallback	16	static
../Core/Src/main.c:295:6:HAL_TIM_PeriodElapsedCallback	16	static
../Core/Src/main.c:311:6:delay_us	16	static
../Core/Src/main.c:317:6:Set_Pin_Output	40	static
../Core/Src/main.c:326:6:Set_Pin_Input	40	static
../Core/Src/main.c:336:6:motor_control	48	static
../Core/Src/main.c:367:6:sharp_turn	16	static
../Core/Src/main.c:385:5:QTR8_read	16	static
../Core/Src/main.c:538:6:forward_brake	24	static
../Core/Src/main.c:546:6:past_errors	24	static
../Core/Src/main.c:553:5:errors_sum	24	static
../Core/Src/main.c:566:6:PID_control	32	static
../Core/Src/main.c:596:6:Error_Handler	4	static,ignoring_inline_asm
