23:55:54 **** Build of configuration Debug for project GRUZIK3.0 ****
make -j4 all 
arm-none-eabi-gcc "../Drivers/STM32G4xx_HAL_Driver/Src/stm32g4xx_hal.c" -mcpu=cortex-m4 -std=gnu11 -g3 -DDEBUG -DUSE_HAL_DRIVER -DSTM32G474xx -c -I../Core/Inc -I../Drivers/STM32G4xx_HAL_Driver/Inc -I../Drivers/STM32G4xx_HAL_Driver/Inc/Legacy -I../Drivers/CMSIS/Device/ST/STM32G4xx/Include -I../Drivers/CMSIS/Include -O0 -ffunction-sections -fdata-sections -Wall -fstack-usage -MMD -MP -MF"Drivers/STM32G4xx_HAL_Driver/Src/stm32g4xx_hal.d" -MT"Drivers/STM32G4xx_HAL_Driver/Src/stm32g4xx_hal.o" --specs=nano.specs -mfpu=fpv4-sp-d16 -mfloat-abi=hard -mthumb -o "Drivers/STM32G4xx_HAL_Driver/Src/stm32g4xx_hal.o"
arm-none-eabi-gcc "../Drivers/STM32G4xx_HAL_Driver/Src/stm32g4xx_hal_adc.c" -mcpu=cortex-m4 -std=gnu11 -g3 -DDEBUG -DUSE_HAL_DRIVER -DSTM32G474xx -c -I../Core/Inc -I../Drivers/STM32G4xx_HAL_Driver/Inc -I../Drivers/STM32G4xx_HAL_Driver/Inc/Legacy -I../Drivers/CMSIS/Device/ST/STM32G4xx/Include -I../Drivers/CMSIS/Include -O0 -ffunction-sections -fdata-sections -Wall -fstack-usage -MMD -MP -MF"Drivers/STM32G4xx_HAL_Driver/Src/stm32g4xx_hal_adc.d" -MT"Drivers/STM32G4xx_HAL_Driver/Src/stm32g4xx_hal_adc.o" --specs=nano.specs -mfpu=fpv4-sp-d16 -mfloat-abi=hard -mthumb -o "Drivers/STM32G4xx_HAL_Driver/Src/stm32g4xx_hal_adc.o"
arm-none-eabi-gcc "../Drivers/STM32G4xx_HAL_Driver/Src/stm32g4xx_hal_adc_ex.c" -mcpu=cortex-m4 -std=gnu11 -g3 -DDEBUG -DUSE_HAL_DRIVER -DSTM32G474xx -c -I../Core/Inc -I../Drivers/STM32G4xx_HAL_Driver/Inc -I../Drivers/STM32G4xx_HAL_Driver/Inc/Legacy -I../Drivers/CMSIS/Device/ST/STM32G4xx/Include -I../Drivers/CMSIS/Include -O0 -ffunction-sections -fdata-sections -Wall -fstack-usage -MMD -MP -MF"Drivers/STM32G4xx_HAL_Driver/Src/stm32g4xx_hal_adc_ex.d" -MT"Drivers/STM32G4xx_HAL_Driver/Src/stm32g4xx_hal_adc_ex.o" --specs=nano.specs -mfpu=fpv4-sp-d16 -mfloat-abi=hard -mthumb -o "Drivers/STM32G4xx_HAL_Driver/Src/stm32g4xx_hal_adc_ex.o"
arm-none-eabi-gcc "../Drivers/STM32G4xx_HAL_Driver/Src/stm32g4xx_hal_cortex.c" -mcpu=cortex-m4 -std=gnu11 -g3 -DDEBUG -DUSE_HAL_DRIVER -DSTM32G474xx -c -I../Core/Inc -I../Drivers/STM32G4xx_HAL_Driver/Inc -I../Drivers/STM32G4xx_HAL_Driver/Inc/Legacy -I../Drivers/CMSIS/Device/ST/STM32G4xx/Include -I../Drivers/CMSIS/Include -O0 -ffunction-sections -fdata-sections -Wall -fstack-usage -MMD -MP -MF"Drivers/STM32G4xx_HAL_Driver/Src/stm32g4xx_hal_cortex.d" -MT"Drivers/STM32G4xx_HAL_Driver/Src/stm32g4xx_hal_cortex.o" --specs=nano.specs -mfpu=fpv4-sp-d16 -mfloat-abi=hard -mthumb -o "Drivers/STM32G4xx_HAL_Driver/Src/stm32g4xx_hal_cortex.o"
arm-none-eabi-gcc "../Drivers/STM32G4xx_HAL_Driver/Src/stm32g4xx_hal_dma.c" -mcpu=cortex-m4 -std=gnu11 -g3 -DDEBUG -DUSE_HAL_DRIVER -DSTM32G474xx -c -I../Core/Inc -I../Drivers/STM32G4xx_HAL_Driver/Inc -I../Drivers/STM32G4xx_HAL_Driver/Inc/Legacy -I../Drivers/CMSIS/Device/ST/STM32G4xx/Include -I../Drivers/CMSIS/Include -O0 -ffunction-sections -fdata-sections -Wall -fstack-usage -MMD -MP -MF"Drivers/STM32G4xx_HAL_Driver/Src/stm32g4xx_hal_dma.d" -MT"Drivers/STM32G4xx_HAL_Driver/Src/stm32g4xx_hal_dma.o" --specs=nano.specs -mfpu=fpv4-sp-d16 -mfloat-abi=hard -mthumb -o "Drivers/STM32G4xx_HAL_Driver/Src/stm32g4xx_hal_dma.o"
arm-none-eabi-gcc "../Drivers/STM32G4xx_HAL_Driver/Src/stm32g4xx_hal_dma_ex.c" -mcpu=cortex-m4 -std=gnu11 -g3 -DDEBUG -DUSE_HAL_DRIVER -DSTM32G474xx -c -I../Core/Inc -I../Drivers/STM32G4xx_HAL_Driver/Inc -I../Drivers/STM32G4xx_HAL_Driver/Inc/Legacy -I../Drivers/CMSIS/Device/ST/STM32G4xx/Include -I../Drivers/CMSIS/Include -O0 -ffunction-sections -fdata-sections -Wall -fstack-usage -MMD -MP -MF"Drivers/STM32G4xx_HAL_Driver/Src/stm32g4xx_hal_dma_ex.d" -MT"Drivers/STM32G4xx_HAL_Driver/Src/stm32g4xx_hal_dma_ex.o" --specs=nano.specs -mfpu=fpv4-sp-d16 -mfloat-abi=hard -mthumb -o "Drivers/STM32G4xx_HAL_Driver/Src/stm32g4xx_hal_dma_ex.o"
arm-none-eabi-gcc "../Drivers/STM32G4xx_HAL_Driver/Src/stm32g4xx_hal_exti.c" -mcpu=cortex-m4 -std=gnu11 -g3 -DDEBUG -DUSE_HAL_DRIVER -DSTM32G474xx -c -I../Core/Inc -I../Drivers/STM32G4xx_HAL_Driver/Inc -I../Drivers/STM32G4xx_HAL_Driver/Inc/Legacy -I../Drivers/CMSIS/Device/ST/STM32G4xx/Include -I../Drivers/CMSIS/Include -O0 -ffunction-sections -fdata-sections -Wall -fstack-usage -MMD -MP -MF"Drivers/STM32G4xx_HAL_Driver/Src/stm32g4xx_hal_exti.d" -MT"Drivers/STM32G4xx_HAL_Driver/Src/stm32g4xx_hal_exti.o" --specs=nano.specs -mfpu=fpv4-sp-d16 -mfloat-abi=hard -mthumb -o "Drivers/STM32G4xx_HAL_Driver/Src/stm32g4xx_hal_exti.o"
arm-none-eabi-gcc "../Drivers/STM32G4xx_HAL_Driver/Src/stm32g4xx_hal_flash.c" -mcpu=cortex-m4 -std=gnu11 -g3 -DDEBUG -DUSE_HAL_DRIVER -DSTM32G474xx -c -I../Core/Inc -I../Drivers/STM32G4xx_HAL_Driver/Inc -I../Drivers/STM32G4xx_HAL_Driver/Inc/Legacy -I../Drivers/CMSIS/Device/ST/STM32G4xx/Include -I../Drivers/CMSIS/Include -O0 -ffunction-sections -fdata-sections -Wall -fstack-usage -MMD -MP -MF"Drivers/STM32G4xx_HAL_Driver/Src/stm32g4xx_hal_flash.d" -MT"Drivers/STM32G4xx_HAL_Driver/Src/stm32g4xx_hal_flash.o" --specs=nano.specs -mfpu=fpv4-sp-d16 -mfloat-abi=hard -mthumb -o "Drivers/STM32G4xx_HAL_Driver/Src/stm32g4xx_hal_flash.o"
arm-none-eabi-gcc "../Drivers/STM32G4xx_HAL_Driver/Src/stm32g4xx_hal_flash_ex.c" -mcpu=cortex-m4 -std=gnu11 -g3 -DDEBUG -DUSE_HAL_DRIVER -DSTM32G474xx -c -I../Core/Inc -I../Drivers/STM32G4xx_HAL_Driver/Inc -I../Drivers/STM32G4xx_HAL_Driver/Inc/Legacy -I../Drivers/CMSIS/Device/ST/STM32G4xx/Include -I../Drivers/CMSIS/Include -O0 -ffunction-sections -fdata-sections -Wall -fstack-usage -MMD -MP -MF"Drivers/STM32G4xx_HAL_Driver/Src/stm32g4xx_hal_flash_ex.d" -MT"Drivers/STM32G4xx_HAL_Driver/Src/stm32g4xx_hal_flash_ex.o" --specs=nano.specs -mfpu=fpv4-sp-d16 -mfloat-abi=hard -mthumb -o "Drivers/STM32G4xx_HAL_Driver/Src/stm32g4xx_hal_flash_ex.o"
arm-none-eabi-gcc "../Drivers/STM32G4xx_HAL_Driver/Src/stm32g4xx_hal_flash_ramfunc.c" -mcpu=cortex-m4 -std=gnu11 -g3 -DDEBUG -DUSE_HAL_DRIVER -DSTM32G474xx -c -I../Core/Inc -I../Drivers/STM32G4xx_HAL_Driver/Inc -I../Drivers/STM32G4xx_HAL_Driver/Inc/Legacy -I../Drivers/CMSIS/Device/ST/STM32G4xx/Include -I../Drivers/CMSIS/Include -O0 -ffunction-sections -fdata-sections -Wall -fstack-usage -MMD -MP -MF"Drivers/STM32G4xx_HAL_Driver/Src/stm32g4xx_hal_flash_ramfunc.d" -MT"Drivers/STM32G4xx_HAL_Driver/Src/stm32g4xx_hal_flash_ramfunc.o" --specs=nano.specs -mfpu=fpv4-sp-d16 -mfloat-abi=hard -mthumb -o "Drivers/STM32G4xx_HAL_Driver/Src/stm32g4xx_hal_flash_ramfunc.o"
arm-none-eabi-gcc "../Drivers/STM32G4xx_HAL_Driver/Src/stm32g4xx_hal_gpio.c" -mcpu=cortex-m4 -std=gnu11 -g3 -DDEBUG -DUSE_HAL_DRIVER -DSTM32G474xx -c -I../Core/Inc -I../Drivers/STM32G4xx_HAL_Driver/Inc -I../Drivers/STM32G4xx_HAL_Driver/Inc/Legacy -I../Drivers/CMSIS/Device/ST/STM32G4xx/Include -I../Drivers/CMSIS/Include -O0 -ffunction-sections -fdata-sections -Wall -fstack-usage -MMD -MP -MF"Drivers/STM32G4xx_HAL_Driver/Src/stm32g4xx_hal_gpio.d" -MT"Drivers/STM32G4xx_HAL_Driver/Src/stm32g4xx_hal_gpio.o" --specs=nano.specs -mfpu=fpv4-sp-d16 -mfloat-abi=hard -mthumb -o "Drivers/STM32G4xx_HAL_Driver/Src/stm32g4xx_hal_gpio.o"
arm-none-eabi-gcc "../Drivers/STM32G4xx_HAL_Driver/Src/stm32g4xx_hal_i2c.c" -mcpu=cortex-m4 -std=gnu11 -g3 -DDEBUG -DUSE_HAL_DRIVER -DSTM32G474xx -c -I../Core/Inc -I../Drivers/STM32G4xx_HAL_Driver/Inc -I../Drivers/STM32G4xx_HAL_Driver/Inc/Legacy -I../Drivers/CMSIS/Device/ST/STM32G4xx/Include -I../Drivers/CMSIS/Include -O0 -ffunction-sections -fdata-sections -Wall -fstack-usage -MMD -MP -MF"Drivers/STM32G4xx_HAL_Driver/Src/stm32g4xx_hal_i2c.d" -MT"Drivers/STM32G4xx_HAL_Driver/Src/stm32g4xx_hal_i2c.o" --specs=nano.specs -mfpu=fpv4-sp-d16 -mfloat-abi=hard -mthumb -o "Drivers/STM32G4xx_HAL_Driver/Src/stm32g4xx_hal_i2c.o"
arm-none-eabi-gcc "../Drivers/STM32G4xx_HAL_Driver/Src/stm32g4xx_hal_i2c_ex.c" -mcpu=cortex-m4 -std=gnu11 -g3 -DDEBUG -DUSE_HAL_DRIVER -DSTM32G474xx -c -I../Core/Inc -I../Drivers/STM32G4xx_HAL_Driver/Inc -I../Drivers/STM32G4xx_HAL_Driver/Inc/Legacy -I../Drivers/CMSIS/Device/ST/STM32G4xx/Include -I../Drivers/CMSIS/Include -O0 -ffunction-sections -fdata-sections -Wall -fstack-usage -MMD -MP -MF"Drivers/STM32G4xx_HAL_Driver/Src/stm32g4xx_hal_i2c_ex.d" -MT"Drivers/STM32G4xx_HAL_Driver/Src/stm32g4xx_hal_i2c_ex.o" --specs=nano.specs -mfpu=fpv4-sp-d16 -mfloat-abi=hard -mthumb -o "Drivers/STM32G4xx_HAL_Driver/Src/stm32g4xx_hal_i2c_ex.o"
arm-none-eabi-gcc "../Drivers/STM32G4xx_HAL_Driver/Src/stm32g4xx_hal_pwr.c" -mcpu=cortex-m4 -std=gnu11 -g3 -DDEBUG -DUSE_HAL_DRIVER -DSTM32G474xx -c -I../Core/Inc -I../Drivers/STM32G4xx_HAL_Driver/Inc -I../Drivers/STM32G4xx_HAL_Driver/Inc/Legacy -I../Drivers/CMSIS/Device/ST/STM32G4xx/Include -I../Drivers/CMSIS/Include -O0 -ffunction-sections -fdata-sections -Wall -fstack-usage -MMD -MP -MF"Drivers/STM32G4xx_HAL_Driver/Src/stm32g4xx_hal_pwr.d" -MT"Drivers/STM32G4xx_HAL_Driver/Src/stm32g4xx_hal_pwr.o" --specs=nano.specs -mfpu=fpv4-sp-d16 -mfloat-abi=hard -mthumb -o "Drivers/STM32G4xx_HAL_Driver/Src/stm32g4xx_hal_pwr.o"
arm-none-eabi-gcc "../Drivers/STM32G4xx_HAL_Driver/Src/stm32g4xx_hal_pwr_ex.c" -mcpu=cortex-m4 -std=gnu11 -g3 -DDEBUG -DUSE_HAL_DRIVER -DSTM32G474xx -c -I../Core/Inc -I../Drivers/STM32G4xx_HAL_Driver/Inc -I../Drivers/STM32G4xx_HAL_Driver/Inc/Legacy -I../Drivers/CMSIS/Device/ST/STM32G4xx/Include -I../Drivers/CMSIS/Include -O0 -ffunction-sections -fdata-sections -Wall -fstack-usage -MMD -MP -MF"Drivers/STM32G4xx_HAL_Driver/Src/stm32g4xx_hal_pwr_ex.d" -MT"Drivers/STM32G4xx_HAL_Driver/Src/stm32g4xx_hal_pwr_ex.o" --specs=nano.specs -mfpu=fpv4-sp-d16 -mfloat-abi=hard -mthumb -o "Drivers/STM32G4xx_HAL_Driver/Src/stm32g4xx_hal_pwr_ex.o"
arm-none-eabi-gcc "../Drivers/STM32G4xx_HAL_Driver/Src/stm32g4xx_hal_rcc.c" -mcpu=cortex-m4 -std=gnu11 -g3 -DDEBUG -DUSE_HAL_DRIVER -DSTM32G474xx -c -I../Core/Inc -I../Drivers/STM32G4xx_HAL_Driver/Inc -I../Drivers/STM32G4xx_HAL_Driver/Inc/Legacy -I../Drivers/CMSIS/Device/ST/STM32G4xx/Include -I../Drivers/CMSIS/Include -O0 -ffunction-sections -fdata-sections -Wall -fstack-usage -MMD -MP -MF"Drivers/STM32G4xx_HAL_Driver/Src/stm32g4xx_hal_rcc.d" -MT"Drivers/STM32G4xx_HAL_Driver/Src/stm32g4xx_hal_rcc.o" --specs=nano.specs -mfpu=fpv4-sp-d16 -mfloat-abi=hard -mthumb -o "Drivers/STM32G4xx_HAL_Driver/Src/stm32g4xx_hal_rcc.o"
arm-none-eabi-gcc "../Drivers/STM32G4xx_HAL_Driver/Src/stm32g4xx_hal_rcc_ex.c" -mcpu=cortex-m4 -std=gnu11 -g3 -DDEBUG -DUSE_HAL_DRIVER -DSTM32G474xx -c -I../Core/Inc -I../Drivers/STM32G4xx_HAL_Driver/Inc -I../Drivers/STM32G4xx_HAL_Driver/Inc/Legacy -I../Drivers/CMSIS/Device/ST/STM32G4xx/Include -I../Drivers/CMSIS/Include -O0 -ffunction-sections -fdata-sections -Wall -fstack-usage -MMD -MP -MF"Drivers/STM32G4xx_HAL_Driver/Src/stm32g4xx_hal_rcc_ex.d" -MT"Drivers/STM32G4xx_HAL_Driver/Src/stm32g4xx_hal_rcc_ex.o" --specs=nano.specs -mfpu=fpv4-sp-d16 -mfloat-abi=hard -mthumb -o "Drivers/STM32G4xx_HAL_Driver/Src/stm32g4xx_hal_rcc_ex.o"
arm-none-eabi-gcc "../Drivers/STM32G4xx_HAL_Driver/Src/stm32g4xx_hal_spi.c" -mcpu=cortex-m4 -std=gnu11 -g3 -DDEBUG -DUSE_HAL_DRIVER -DSTM32G474xx -c -I../Core/Inc -I../Drivers/STM32G4xx_HAL_Driver/Inc -I../Drivers/STM32G4xx_HAL_Driver/Inc/Legacy -I../Drivers/CMSIS/Device/ST/STM32G4xx/Include -I../Drivers/CMSIS/Include -O0 -ffunction-sections -fdata-sections -Wall -fstack-usage -MMD -MP -MF"Drivers/STM32G4xx_HAL_Driver/Src/stm32g4xx_hal_spi.d" -MT"Drivers/STM32G4xx_HAL_Driver/Src/stm32g4xx_hal_spi.o" --specs=nano.specs -mfpu=fpv4-sp-d16 -mfloat-abi=hard -mthumb -o "Drivers/STM32G4xx_HAL_Driver/Src/stm32g4xx_hal_spi.o"
arm-none-eabi-gcc "../Drivers/STM32G4xx_HAL_Driver/Src/stm32g4xx_hal_spi_ex.c" -mcpu=cortex-m4 -std=gnu11 -g3 -DDEBUG -DUSE_HAL_DRIVER -DSTM32G474xx -c -I../Core/Inc -I../Drivers/STM32G4xx_HAL_Driver/Inc -I../Drivers/STM32G4xx_HAL_Driver/Inc/Legacy -I../Drivers/CMSIS/Device/ST/STM32G4xx/Include -I../Drivers/CMSIS/Include -O0 -ffunction-sections -fdata-sections -Wall -fstack-usage -MMD -MP -MF"Drivers/STM32G4xx_HAL_Driver/Src/stm32g4xx_hal_spi_ex.d" -MT"Drivers/STM32G4xx_HAL_Driver/Src/stm32g4xx_hal_spi_ex.o" --specs=nano.specs -mfpu=fpv4-sp-d16 -mfloat-abi=hard -mthumb -o "Drivers/STM32G4xx_HAL_Driver/Src/stm32g4xx_hal_spi_ex.o"
arm-none-eabi-gcc "../Drivers/STM32G4xx_HAL_Driver/Src/stm32g4xx_hal_tim.c" -mcpu=cortex-m4 -std=gnu11 -g3 -DDEBUG -DUSE_HAL_DRIVER -DSTM32G474xx -c -I../Core/Inc -I../Drivers/STM32G4xx_HAL_Driver/Inc -I../Drivers/STM32G4xx_HAL_Driver/Inc/Legacy -I../Drivers/CMSIS/Device/ST/STM32G4xx/Include -I../Drivers/CMSIS/Include -O0 -ffunction-sections -fdata-sections -Wall -fstack-usage -MMD -MP -MF"Drivers/STM32G4xx_HAL_Driver/Src/stm32g4xx_hal_tim.d" -MT"Drivers/STM32G4xx_HAL_Driver/Src/stm32g4xx_hal_tim.o" --specs=nano.specs -mfpu=fpv4-sp-d16 -mfloat-abi=hard -mthumb -o "Drivers/STM32G4xx_HAL_Driver/Src/stm32g4xx_hal_tim.o"
arm-none-eabi-gcc "../Drivers/STM32G4xx_HAL_Driver/Src/stm32g4xx_hal_tim_ex.c" -mcpu=cortex-m4 -std=gnu11 -g3 -DDEBUG -DUSE_HAL_DRIVER -DSTM32G474xx -c -I../Core/Inc -I../Drivers/STM32G4xx_HAL_Driver/Inc -I../Drivers/STM32G4xx_HAL_Driver/Inc/Legacy -I../Drivers/CMSIS/Device/ST/STM32G4xx/Include -I../Drivers/CMSIS/Include -O0 -ffunction-sections -fdata-sections -Wall -fstack-usage -MMD -MP -MF"Drivers/STM32G4xx_HAL_Driver/Src/stm32g4xx_hal_tim_ex.d" -MT"Drivers/STM32G4xx_HAL_Driver/Src/stm32g4xx_hal_tim_ex.o" --specs=nano.specs -mfpu=fpv4-sp-d16 -mfloat-abi=hard -mthumb -o "Drivers/STM32G4xx_HAL_Driver/Src/stm32g4xx_hal_tim_ex.o"
arm-none-eabi-gcc "../Drivers/STM32G4xx_HAL_Driver/Src/stm32g4xx_hal_uart.c" -mcpu=cortex-m4 -std=gnu11 -g3 -DDEBUG -DUSE_HAL_DRIVER -DSTM32G474xx -c -I../Core/Inc -I../Drivers/STM32G4xx_HAL_Driver/Inc -I../Drivers/STM32G4xx_HAL_Driver/Inc/Legacy -I../Drivers/CMSIS/Device/ST/STM32G4xx/Include -I../Drivers/CMSIS/Include -O0 -ffunction-sections -fdata-sections -Wall -fstack-usage -MMD -MP -MF"Drivers/STM32G4xx_HAL_Driver/Src/stm32g4xx_hal_uart.d" -MT"Drivers/STM32G4xx_HAL_Driver/Src/stm32g4xx_hal_uart.o" --specs=nano.specs -mfpu=fpv4-sp-d16 -mfloat-abi=hard -mthumb -o "Drivers/STM32G4xx_HAL_Driver/Src/stm32g4xx_hal_uart.o"
arm-none-eabi-gcc "../Drivers/STM32G4xx_HAL_Driver/Src/stm32g4xx_hal_uart_ex.c" -mcpu=cortex-m4 -std=gnu11 -g3 -DDEBUG -DUSE_HAL_DRIVER -DSTM32G474xx -c -I../Core/Inc -I../Drivers/STM32G4xx_HAL_Driver/Inc -I../Drivers/STM32G4xx_HAL_Driver/Inc/Legacy -I../Drivers/CMSIS/Device/ST/STM32G4xx/Include -I../Drivers/CMSIS/Include -O0 -ffunction-sections -fdata-sections -Wall -fstack-usage -MMD -MP -MF"Drivers/STM32G4xx_HAL_Driver/Src/stm32g4xx_hal_uart_ex.d" -MT"Drivers/STM32G4xx_HAL_Driver/Src/stm32g4xx_hal_uart_ex.o" --specs=nano.specs -mfpu=fpv4-sp-d16 -mfloat-abi=hard -mthumb -o "Drivers/STM32G4xx_HAL_Driver/Src/stm32g4xx_hal_uart_ex.o"
arm-none-eabi-gcc "../Drivers/STM32G4xx_HAL_Driver/Src/stm32g4xx_ll_adc.c" -mcpu=cortex-m4 -std=gnu11 -g3 -DDEBUG -DUSE_HAL_DRIVER -DSTM32G474xx -c -I../Core/Inc -I../Drivers/STM32G4xx_HAL_Driver/Inc -I../Drivers/STM32G4xx_HAL_Driver/Inc/Legacy -I../Drivers/CMSIS/Device/ST/STM32G4xx/Include -I../Drivers/CMSIS/Include -O0 -ffunction-sections -fdata-sections -Wall -fstack-usage -MMD -MP -MF"Drivers/STM32G4xx_HAL_Driver/Src/stm32g4xx_ll_adc.d" -MT"Drivers/STM32G4xx_HAL_Driver/Src/stm32g4xx_ll_adc.o" --specs=nano.specs -mfpu=fpv4-sp-d16 -mfloat-abi=hard -mthumb -o "Drivers/STM32G4xx_HAL_Driver/Src/stm32g4xx_ll_adc.o"
arm-none-eabi-gcc -mcpu=cortex-m4 -g3 -DDEBUG -c -x assembler-with-cpp -MMD -MP -MF"Core/Startup/startup_stm32g474retx.d" -MT"Core/Startup/startup_stm32g474retx.o" --specs=nano.specs -mfpu=fpv4-sp-d16 -mfloat-abi=hard -mthumb -o "Core/Startup/startup_stm32g474retx.o" "../Core/Startup/startup_stm32g474retx.s"
arm-none-eabi-gcc "../Core/Src/adc.c" -mcpu=cortex-m4 -std=gnu11 -g3 -DDEBUG -DUSE_HAL_DRIVER -DSTM32G474xx -c -I../Core/Inc -I../Drivers/STM32G4xx_HAL_Driver/Inc -I../Drivers/STM32G4xx_HAL_Driver/Inc/Legacy -I../Drivers/CMSIS/Device/ST/STM32G4xx/Include -I../Drivers/CMSIS/Include -O0 -ffunction-sections -fdata-sections -Wall -fstack-usage -MMD -MP -MF"Core/Src/adc.d" -MT"Core/Src/adc.o" --specs=nano.specs -mfpu=fpv4-sp-d16 -mfloat-abi=hard -mthumb -o "Core/Src/adc.o"
arm-none-eabi-gcc "../Core/Src/gpio.c" -mcpu=cortex-m4 -std=gnu11 -g3 -DDEBUG -DUSE_HAL_DRIVER -DSTM32G474xx -c -I../Core/Inc -I../Drivers/STM32G4xx_HAL_Driver/Inc -I../Drivers/STM32G4xx_HAL_Driver/Inc/Legacy -I../Drivers/CMSIS/Device/ST/STM32G4xx/Include -I../Drivers/CMSIS/Include -O0 -ffunction-sections -fdata-sections -Wall -fstack-usage -MMD -MP -MF"Core/Src/gpio.d" -MT"Core/Src/gpio.o" --specs=nano.specs -mfpu=fpv4-sp-d16 -mfloat-abi=hard -mthumb -o "Core/Src/gpio.o"
arm-none-eabi-gcc "../Core/Src/i2c.c" -mcpu=cortex-m4 -std=gnu11 -g3 -DDEBUG -DUSE_HAL_DRIVER -DSTM32G474xx -c -I../Core/Inc -I../Drivers/STM32G4xx_HAL_Driver/Inc -I../Drivers/STM32G4xx_HAL_Driver/Inc/Legacy -I../Drivers/CMSIS/Device/ST/STM32G4xx/Include -I../Drivers/CMSIS/Include -O0 -ffunction-sections -fdata-sections -Wall -fstack-usage -MMD -MP -MF"Core/Src/i2c.d" -MT"Core/Src/i2c.o" --specs=nano.specs -mfpu=fpv4-sp-d16 -mfloat-abi=hard -mthumb -o "Core/Src/i2c.o"
arm-none-eabi-gcc "../Core/Src/main.c" -mcpu=cortex-m4 -std=gnu11 -g3 -DDEBUG -DUSE_HAL_DRIVER -DSTM32G474xx -c -I../Core/Inc -I../Drivers/STM32G4xx_HAL_Driver/Inc -I../Drivers/STM32G4xx_HAL_Driver/Inc/Legacy -I../Drivers/CMSIS/Device/ST/STM32G4xx/Include -I../Drivers/CMSIS/Include -O0 -ffunction-sections -fdata-sections -Wall -fstack-usage -MMD -MP -MF"Core/Src/main.d" -MT"Core/Src/main.o" --specs=nano.specs -mfpu=fpv4-sp-d16 -mfloat-abi=hard -mthumb -o "Core/Src/main.o"
arm-none-eabi-gcc "../Core/Src/spi.c" -mcpu=cortex-m4 -std=gnu11 -g3 -DDEBUG -DUSE_HAL_DRIVER -DSTM32G474xx -c -I../Core/Inc -I../Drivers/STM32G4xx_HAL_Driver/Inc -I../Drivers/STM32G4xx_HAL_Driver/Inc/Legacy -I../Drivers/CMSIS/Device/ST/STM32G4xx/Include -I../Drivers/CMSIS/Include -O0 -ffunction-sections -fdata-sections -Wall -fstack-usage -MMD -MP -MF"Core/Src/spi.d" -MT"Core/Src/spi.o" --specs=nano.specs -mfpu=fpv4-sp-d16 -mfloat-abi=hard -mthumb -o "Core/Src/spi.o"
arm-none-eabi-gcc "../Core/Src/stm32g4xx_hal_msp.c" -mcpu=cortex-m4 -std=gnu11 -g3 -DDEBUG -DUSE_HAL_DRIVER -DSTM32G474xx -c -I../Core/Inc -I../Drivers/STM32G4xx_HAL_Driver/Inc -I../Drivers/STM32G4xx_HAL_Driver/Inc/Legacy -I../Drivers/CMSIS/Device/ST/STM32G4xx/Include -I../Drivers/CMSIS/Include -O0 -ffunction-sections -fdata-sections -Wall -fstack-usage -MMD -MP -MF"Core/Src/stm32g4xx_hal_msp.d" -MT"Core/Src/stm32g4xx_hal_msp.o" --specs=nano.specs -mfpu=fpv4-sp-d16 -mfloat-abi=hard -mthumb -o "Core/Src/stm32g4xx_hal_msp.o"
arm-none-eabi-gcc "../Core/Src/stm32g4xx_it.c" -mcpu=cortex-m4 -std=gnu11 -g3 -DDEBUG -DUSE_HAL_DRIVER -DSTM32G474xx -c -I../Core/Inc -I../Drivers/STM32G4xx_HAL_Driver/Inc -I../Drivers/STM32G4xx_HAL_Driver/Inc/Legacy -I../Drivers/CMSIS/Device/ST/STM32G4xx/Include -I../Drivers/CMSIS/Include -O0 -ffunction-sections -fdata-sections -Wall -fstack-usage -MMD -MP -MF"Core/Src/stm32g4xx_it.d" -MT"Core/Src/stm32g4xx_it.o" --specs=nano.specs -mfpu=fpv4-sp-d16 -mfloat-abi=hard -mthumb -o "Core/Src/stm32g4xx_it.o"
arm-none-eabi-gcc "../Core/Src/syscalls.c" -mcpu=cortex-m4 -std=gnu11 -g3 -DDEBUG -DUSE_HAL_DRIVER -DSTM32G474xx -c -I../Core/Inc -I../Drivers/STM32G4xx_HAL_Driver/Inc -I../Drivers/STM32G4xx_HAL_Driver/Inc/Legacy -I../Drivers/CMSIS/Device/ST/STM32G4xx/Include -I../Drivers/CMSIS/Include -O0 -ffunction-sections -fdata-sections -Wall -fstack-usage -MMD -MP -MF"Core/Src/syscalls.d" -MT"Core/Src/syscalls.o" --specs=nano.specs -mfpu=fpv4-sp-d16 -mfloat-abi=hard -mthumb -o "Core/Src/syscalls.o"
arm-none-eabi-gcc "../Core/Src/sysmem.c" -mcpu=cortex-m4 -std=gnu11 -g3 -DDEBUG -DUSE_HAL_DRIVER -DSTM32G474xx -c -I../Core/Inc -I../Drivers/STM32G4xx_HAL_Driver/Inc -I../Drivers/STM32G4xx_HAL_Driver/Inc/Legacy -I../Drivers/CMSIS/Device/ST/STM32G4xx/Include -I../Drivers/CMSIS/Include -O0 -ffunction-sections -fdata-sections -Wall -fstack-usage -MMD -MP -MF"Core/Src/sysmem.d" -MT"Core/Src/sysmem.o" --specs=nano.specs -mfpu=fpv4-sp-d16 -mfloat-abi=hard -mthumb -o "Core/Src/sysmem.o"
arm-none-eabi-gcc "../Core/Src/system_stm32g4xx.c" -mcpu=cortex-m4 -std=gnu11 -g3 -DDEBUG -DUSE_HAL_DRIVER -DSTM32G474xx -c -I../Core/Inc -I../Drivers/STM32G4xx_HAL_Driver/Inc -I../Drivers/STM32G4xx_HAL_Driver/Inc/Legacy -I../Drivers/CMSIS/Device/ST/STM32G4xx/Include -I../Drivers/CMSIS/Include -O0 -ffunction-sections -fdata-sections -Wall -fstack-usage -MMD -MP -MF"Core/Src/system_stm32g4xx.d" -MT"Core/Src/system_stm32g4xx.o" --specs=nano.specs -mfpu=fpv4-sp-d16 -mfloat-abi=hard -mthumb -o "Core/Src/system_stm32g4xx.o"
arm-none-eabi-gcc "../Core/Src/tim.c" -mcpu=cortex-m4 -std=gnu11 -g3 -DDEBUG -DUSE_HAL_DRIVER -DSTM32G474xx -c -I../Core/Inc -I../Drivers/STM32G4xx_HAL_Driver/Inc -I../Drivers/STM32G4xx_HAL_Driver/Inc/Legacy -I../Drivers/CMSIS/Device/ST/STM32G4xx/Include -I../Drivers/CMSIS/Include -O0 -ffunction-sections -fdata-sections -Wall -fstack-usage -MMD -MP -MF"Core/Src/tim.d" -MT"Core/Src/tim.o" --specs=nano.specs -mfpu=fpv4-sp-d16 -mfloat-abi=hard -mthumb -o "Core/Src/tim.o"
arm-none-eabi-gcc "../Core/Src/usart.c" -mcpu=cortex-m4 -std=gnu11 -g3 -DDEBUG -DUSE_HAL_DRIVER -DSTM32G474xx -c -I../Core/Inc -I../Drivers/STM32G4xx_HAL_Driver/Inc -I../Drivers/STM32G4xx_HAL_Driver/Inc/Legacy -I../Drivers/CMSIS/Device/ST/STM32G4xx/Include -I../Drivers/CMSIS/Include -O0 -ffunction-sections -fdata-sections -Wall -fstack-usage -MMD -MP -MF"Core/Src/usart.d" -MT"Core/Src/usart.o" --specs=nano.specs -mfpu=fpv4-sp-d16 -mfloat-abi=hard -mthumb -o "Core/Src/usart.o"
arm-none-eabi-gcc -o "GRUZIK3.0.elf" @"objects.list"   -mcpu=cortex-m4 -T"D:\SN-USER\Projects\GRUZIK3.0-light\Software\GRUZIK3.0_Code\GRUZIK3.0\STM32G474RETX_FLASH.ld" --specs=nosys.specs -Wl,-Map="GRUZIK3.0.map" -Wl,--gc-sections -static --specs=nano.specs -mfpu=fpv4-sp-d16 -mfloat-abi=hard -mthumb -Wl,--start-group -lc -lm -Wl,--end-group
Finished building target: GRUZIK3.0.elf
 
arm-none-eabi-size   GRUZIK3.0.elf 
arm-none-eabi-objdump -h -S  GRUZIK3.0.elf  > "GRUZIK3.0.list"
   text	   data	    bss	    dec	    hex	filename
  23672	     20	   2236	  25928	   6548	GRUZIK3.0.elf
Finished building: default.size.stdout
 
Finished building: GRUZIK3.0.list
 
23:56:24 **** Incremental Build of configuration Debug for project GRUZIK3.0 ****
make -j4 all 
arm-none-eabi-gcc "../Core/Src/main.c" -mcpu=cortex-m4 -std=gnu11 -g3 -DDEBUG -DUSE_HAL_DRIVER -DSTM32G474xx -c -I../Core/Inc -I../Drivers/STM32G4xx_HAL_Driver/Inc -I../Drivers/STM32G4xx_HAL_Driver/Inc/Legacy -I../Drivers/CMSIS/Device/ST/STM32G4xx/Include -I../Drivers/CMSIS/Include -O0 -ffunction-sections -fdata-sections -Wall -fstack-usage -MMD -MP -MF"Core/Src/main.d" -MT"Core/Src/main.o" --specs=nano.specs -mfpu=fpv4-sp-d16 -mfloat-abi=hard -mthumb -o "Core/Src/main.o"
arm-none-eabi-gcc -o "GRUZIK3.0.elf" @"objects.list"   -mcpu=cortex-m4 -T"D:\SN-USER\Projects\GRUZIK3.0-light\Software\GRUZIK3.0_Code\GRUZIK3.0\STM32G474RETX_FLASH.ld" --specs=nosys.specs -Wl,-Map="GRUZIK3.0.map" -Wl,--gc-sections -static --specs=nano.specs -mfpu=fpv4-sp-d16 -mfloat-abi=hard -mthumb -Wl,--start-group -lc -lm -Wl,--end-group
Finished building target: GRUZIK3.0.elf
 
arm-none-eabi-size   GRUZIK3.0.elf 
arm-none-eabi-objdump -h -S  GRUZIK3.0.elf  > "GRUZIK3.0.list"
   text	   data	    bss	    dec	    hex	filename
  23720	     20	   2236	  25976	   6578	GRUZIK3.0.elf
Finished building: default.size.stdout
 
Finished building: GRUZIK3.0.list
 
23:58:42 **** Incremental Build of configuration Debug for project GRUZIK3.0 ****
make -j4 all 
arm-none-eabi-gcc "../Core/Src/main.c" -mcpu=cortex-m4 -std=gnu11 -g3 -DDEBUG -DUSE_HAL_DRIVER -DSTM32G474xx -c -I../Core/Inc -I../Drivers/STM32G4xx_HAL_Driver/Inc -I../Drivers/STM32G4xx_HAL_Driver/Inc/Legacy -I../Drivers/CMSIS/Device/ST/STM32G4xx/Include -I../Drivers/CMSIS/Include -O0 -ffunction-sections -fdata-sections -Wall -fstack-usage -MMD -MP -MF"Core/Src/main.d" -MT"Core/Src/main.o" --specs=nano.specs -mfpu=fpv4-sp-d16 -mfloat-abi=hard -mthumb -o "Core/Src/main.o"
arm-none-eabi-gcc -o "GRUZIK3.0.elf" @"objects.list"   -mcpu=cortex-m4 -T"D:\SN-USER\Projects\GRUZIK3.0-light\Software\GRUZIK3.0_Code\GRUZIK3.0\STM32G474RETX_FLASH.ld" --specs=nosys.specs -Wl,-Map="GRUZIK3.0.map" -Wl,--gc-sections -static --specs=nano.specs -mfpu=fpv4-sp-d16 -mfloat-abi=hard -mthumb -Wl,--start-group -lc -lm -Wl,--end-group
Finished building target: GRUZIK3.0.elf
 
arm-none-eabi-size   GRUZIK3.0.elf 
arm-none-eabi-objdump -h -S  GRUZIK3.0.elf  > "GRUZIK3.0.list"
   text	   data	    bss	    dec	    hex	filename
  23720	     20	   2236	  25976	   6578	GRUZIK3.0.elf
Finished building: default.size.stdout
 
Finished building: GRUZIK3.0.list
 
00:39:43 **** Incremental Build of configuration Debug for project GRUZIK3.0 ****
make -j4 all 
arm-none-eabi-gcc "../Core/Src/Line_Follower.c" -mcpu=cortex-m4 -std=gnu11 -g3 -DDEBUG -DUSE_HAL_DRIVER -DSTM32G474xx -c -I../Core/Inc -I../Drivers/STM32G4xx_HAL_Driver/Inc -I../Drivers/STM32G4xx_HAL_Driver/Inc/Legacy -I../Drivers/CMSIS/Device/ST/STM32G4xx/Include -I../Drivers/CMSIS/Include -O0 -ffunction-sections -fdata-sections -Wall -fstack-usage -MMD -MP -MF"Core/Src/Line_Follower.d" -MT"Core/Src/Line_Follower.o" --specs=nano.specs -mfpu=fpv4-sp-d16 -mfloat-abi=hard -mthumb -o "Core/Src/Line_Follower.o"
arm-none-eabi-gcc "../Core/Src/RingBuffer.c" -mcpu=cortex-m4 -std=gnu11 -g3 -DDEBUG -DUSE_HAL_DRIVER -DSTM32G474xx -c -I../Core/Inc -I../Drivers/STM32G4xx_HAL_Driver/Inc -I../Drivers/STM32G4xx_HAL_Driver/Inc/Legacy -I../Drivers/CMSIS/Device/ST/STM32G4xx/Include -I../Drivers/CMSIS/Include -O0 -ffunction-sections -fdata-sections -Wall -fstack-usage -MMD -MP -MF"Core/Src/RingBuffer.d" -MT"Core/Src/RingBuffer.o" --specs=nano.specs -mfpu=fpv4-sp-d16 -mfloat-abi=hard -mthumb -o "Core/Src/RingBuffer.o"
arm-none-eabi-gcc "../Core/Src/SimpleParser.c" -mcpu=cortex-m4 -std=gnu11 -g3 -DDEBUG -DUSE_HAL_DRIVER -DSTM32G474xx -c -I../Core/Inc -I../Drivers/STM32G4xx_HAL_Driver/Inc -I../Drivers/STM32G4xx_HAL_Driver/Inc/Legacy -I../Drivers/CMSIS/Device/ST/STM32G4xx/Include -I../Drivers/CMSIS/Include -O0 -ffunction-sections -fdata-sections -Wall -fstack-usage -MMD -MP -MF"Core/Src/SimpleParser.d" -MT"Core/Src/SimpleParser.o" --specs=nano.specs -mfpu=fpv4-sp-d16 -mfloat-abi=hard -mthumb -o "Core/Src/SimpleParser.o"
arm-none-eabi-gcc "../Core/Src/adc.c" -mcpu=cortex-m4 -std=gnu11 -g3 -DDEBUG -DUSE_HAL_DRIVER -DSTM32G474xx -c -I../Core/Inc -I../Drivers/STM32G4xx_HAL_Driver/Inc -I../Drivers/STM32G4xx_HAL_Driver/Inc/Legacy -I../Drivers/CMSIS/Device/ST/STM32G4xx/Include -I../Drivers/CMSIS/Include -O0 -ffunction-sections -fdata-sections -Wall -fstack-usage -MMD -MP -MF"Core/Src/adc.d" -MT"Core/Src/adc.o" --specs=nano.specs -mfpu=fpv4-sp-d16 -mfloat-abi=hard -mthumb -o "Core/Src/adc.o"
../Core/Src/SimpleParser.c: In function 'App_Controll':
../Core/Src/SimpleParser.c:133:22: error: 'huart1' undeclared (first use in this function); did you mean 'hlpuart1'?
  133 |   HAL_UART_Transmit(&huart1, buffer, strlen((char*)buffer), 100);
      |                      ^~~~~~
      |                      hlpuart1
../Core/Src/SimpleParser.c:133:22: note: each undeclared identifier is reported only once for each function it appears in
make: *** [Core/Src/subdir.mk:64: Core/Src/SimpleParser.o] Error 1
make: *** Waiting for unfinished jobs....
"make -j4 all" terminated with exit code 2. Build might be incomplete.
00:40:08 **** Incremental Build of configuration Debug for project GRUZIK3.0 ****
make -j4 all 
arm-none-eabi-gcc "../Core/Src/SimpleParser.c" -mcpu=cortex-m4 -std=gnu11 -g3 -DDEBUG -DUSE_HAL_DRIVER -DSTM32G474xx -c -I../Core/Inc -I../Drivers/STM32G4xx_HAL_Driver/Inc -I../Drivers/STM32G4xx_HAL_Driver/Inc/Legacy -I../Drivers/CMSIS/Device/ST/STM32G4xx/Include -I../Drivers/CMSIS/Include -O0 -ffunction-sections -fdata-sections -Wall -fstack-usage -MMD -MP -MF"Core/Src/SimpleParser.d" -MT"Core/Src/SimpleParser.o" --specs=nano.specs -mfpu=fpv4-sp-d16 -mfloat-abi=hard -mthumb -o "Core/Src/SimpleParser.o"
arm-none-eabi-gcc "../Core/Src/dma.c" -mcpu=cortex-m4 -std=gnu11 -g3 -DDEBUG -DUSE_HAL_DRIVER -DSTM32G474xx -c -I../Core/Inc -I../Drivers/STM32G4xx_HAL_Driver/Inc -I../Drivers/STM32G4xx_HAL_Driver/Inc/Legacy -I../Drivers/CMSIS/Device/ST/STM32G4xx/Include -I../Drivers/CMSIS/Include -O0 -ffunction-sections -fdata-sections -Wall -fstack-usage -MMD -MP -MF"Core/Src/dma.d" -MT"Core/Src/dma.o" --specs=nano.specs -mfpu=fpv4-sp-d16 -mfloat-abi=hard -mthumb -o "Core/Src/dma.o"
arm-none-eabi-gcc "../Core/Src/gpio.c" -mcpu=cortex-m4 -std=gnu11 -g3 -DDEBUG -DUSE_HAL_DRIVER -DSTM32G474xx -c -I../Core/Inc -I../Drivers/STM32G4xx_HAL_Driver/Inc -I../Drivers/STM32G4xx_HAL_Driver/Inc/Legacy -I../Drivers/CMSIS/Device/ST/STM32G4xx/Include -I../Drivers/CMSIS/Include -O0 -ffunction-sections -fdata-sections -Wall -fstack-usage -MMD -MP -MF"Core/Src/gpio.d" -MT"Core/Src/gpio.o" --specs=nano.specs -mfpu=fpv4-sp-d16 -mfloat-abi=hard -mthumb -o "Core/Src/gpio.o"
arm-none-eabi-gcc "../Core/Src/i2c.c" -mcpu=cortex-m4 -std=gnu11 -g3 -DDEBUG -DUSE_HAL_DRIVER -DSTM32G474xx -c -I../Core/Inc -I../Drivers/STM32G4xx_HAL_Driver/Inc -I../Drivers/STM32G4xx_HAL_Driver/Inc/Legacy -I../Drivers/CMSIS/Device/ST/STM32G4xx/Include -I../Drivers/CMSIS/Include -O0 -ffunction-sections -fdata-sections -Wall -fstack-usage -MMD -MP -MF"Core/Src/i2c.d" -MT"Core/Src/i2c.o" --specs=nano.specs -mfpu=fpv4-sp-d16 -mfloat-abi=hard -mthumb -o "Core/Src/i2c.o"
../Core/Src/SimpleParser.c: In function 'App_Controll':
../Core/Src/SimpleParser.c:152:23: error: 'huart1' undeclared (first use in this function); did you mean 'hlpuart1'?
  152 |    HAL_UART_Transmit(&huart1, buffer, strlen((char*)buffer), 100);
      |                       ^~~~~~
      |                       hlpuart1
../Core/Src/SimpleParser.c:152:23: note: each undeclared identifier is reported only once for each function it appears in
make: *** [Core/Src/subdir.mk:64: Core/Src/SimpleParser.o] Error 1
make: *** Waiting for unfinished jobs....
"make -j4 all" terminated with exit code 2. Build might be incomplete.
00:40:19 **** Incremental Build of configuration Debug for project GRUZIK3.0 ****
make -j4 all 
arm-none-eabi-gcc "../Core/Src/SimpleParser.c" -mcpu=cortex-m4 -std=gnu11 -g3 -DDEBUG -DUSE_HAL_DRIVER -DSTM32G474xx -c -I../Core/Inc -I../Drivers/STM32G4xx_HAL_Driver/Inc -I../Drivers/STM32G4xx_HAL_Driver/Inc/Legacy -I../Drivers/CMSIS/Device/ST/STM32G4xx/Include -I../Drivers/CMSIS/Include -O0 -ffunction-sections -fdata-sections -Wall -fstack-usage -MMD -MP -MF"Core/Src/SimpleParser.d" -MT"Core/Src/SimpleParser.o" --specs=nano.specs -mfpu=fpv4-sp-d16 -mfloat-abi=hard -mthumb -o "Core/Src/SimpleParser.o"
arm-none-eabi-gcc "../Core/Src/main.c" -mcpu=cortex-m4 -std=gnu11 -g3 -DDEBUG -DUSE_HAL_DRIVER -DSTM32G474xx -c -I../Core/Inc -I../Drivers/STM32G4xx_HAL_Driver/Inc -I../Drivers/STM32G4xx_HAL_Driver/Inc/Legacy -I../Drivers/CMSIS/Device/ST/STM32G4xx/Include -I../Drivers/CMSIS/Include -O0 -ffunction-sections -fdata-sections -Wall -fstack-usage -MMD -MP -MF"Core/Src/main.d" -MT"Core/Src/main.o" --specs=nano.specs -mfpu=fpv4-sp-d16 -mfloat-abi=hard -mthumb -o "Core/Src/main.o"
arm-none-eabi-gcc "../Core/Src/spi.c" -mcpu=cortex-m4 -std=gnu11 -g3 -DDEBUG -DUSE_HAL_DRIVER -DSTM32G474xx -c -I../Core/Inc -I../Drivers/STM32G4xx_HAL_Driver/Inc -I../Drivers/STM32G4xx_HAL_Driver/Inc/Legacy -I../Drivers/CMSIS/Device/ST/STM32G4xx/Include -I../Drivers/CMSIS/Include -O0 -ffunction-sections -fdata-sections -Wall -fstack-usage -MMD -MP -MF"Core/Src/spi.d" -MT"Core/Src/spi.o" --specs=nano.specs -mfpu=fpv4-sp-d16 -mfloat-abi=hard -mthumb -o "Core/Src/spi.o"
arm-none-eabi-gcc "../Core/Src/stm32g4xx_hal_msp.c" -mcpu=cortex-m4 -std=gnu11 -g3 -DDEBUG -DUSE_HAL_DRIVER -DSTM32G474xx -c -I../Core/Inc -I../Drivers/STM32G4xx_HAL_Driver/Inc -I../Drivers/STM32G4xx_HAL_Driver/Inc/Legacy -I../Drivers/CMSIS/Device/ST/STM32G4xx/Include -I../Drivers/CMSIS/Include -O0 -ffunction-sections -fdata-sections -Wall -fstack-usage -MMD -MP -MF"Core/Src/stm32g4xx_hal_msp.d" -MT"Core/Src/stm32g4xx_hal_msp.o" --specs=nano.specs -mfpu=fpv4-sp-d16 -mfloat-abi=hard -mthumb -o "Core/Src/stm32g4xx_hal_msp.o"
In file included from ../Core/Src/main.c:31:
D:\SN-USER\HAL-SN-Functions\SN-functions.h:16:10: fatal error: stm32f1xx_hal.h: No such file or directory
   16 | #include "stm32f1xx_hal.h"
      |          ^~~~~~~~~~~~~~~~~
compilation terminated.
../Core/Src/SimpleParser.c: In function 'App_Controll':
../Core/Src/SimpleParser.c:166:22: error: 'huart1' undeclared (first use in this function); did you mean 'hlpuart1'?
  166 |   HAL_UART_Transmit(&huart1, buffer, strlen((char*)buffer), 100);
      |                      ^~~~~~
      |                      hlpuart1
../Core/Src/SimpleParser.c:166:22: note: each undeclared identifier is reported only once for each function it appears in
make: *** [Core/Src/subdir.mk:64: Core/Src/main.o] Error 1
make: *** Waiting for unfinished jobs....
make: *** [Core/Src/subdir.mk:64: Core/Src/SimpleParser.o] Error 1
"make -j4 all" terminated with exit code 2. Build might be incomplete.
00:40:38 **** Incremental Build of configuration Debug for project GRUZIK3.0 ****
make -j4 all 
arm-none-eabi-gcc "../Core/Src/SimpleParser.c" -mcpu=cortex-m4 -std=gnu11 -g3 -DDEBUG -DUSE_HAL_DRIVER -DSTM32G474xx -c -I../Core/Inc -I../Drivers/STM32G4xx_HAL_Driver/Inc -I../Drivers/STM32G4xx_HAL_Driver/Inc/Legacy -I../Drivers/CMSIS/Device/ST/STM32G4xx/Include -I../Drivers/CMSIS/Include -O0 -ffunction-sections -fdata-sections -Wall -fstack-usage -MMD -MP -MF"Core/Src/SimpleParser.d" -MT"Core/Src/SimpleParser.o" --specs=nano.specs -mfpu=fpv4-sp-d16 -mfloat-abi=hard -mthumb -o "Core/Src/SimpleParser.o"
arm-none-eabi-gcc "../Core/Src/main.c" -mcpu=cortex-m4 -std=gnu11 -g3 -DDEBUG -DUSE_HAL_DRIVER -DSTM32G474xx -c -I../Core/Inc -I../Drivers/STM32G4xx_HAL_Driver/Inc -I../Drivers/STM32G4xx_HAL_Driver/Inc/Legacy -I../Drivers/CMSIS/Device/ST/STM32G4xx/Include -I../Drivers/CMSIS/Include -O0 -ffunction-sections -fdata-sections -Wall -fstack-usage -MMD -MP -MF"Core/Src/main.d" -MT"Core/Src/main.o" --specs=nano.specs -mfpu=fpv4-sp-d16 -mfloat-abi=hard -mthumb -o "Core/Src/main.o"
arm-none-eabi-gcc "../Core/Src/stm32g4xx_it.c" -mcpu=cortex-m4 -std=gnu11 -g3 -DDEBUG -DUSE_HAL_DRIVER -DSTM32G474xx -c -I../Core/Inc -I../Drivers/STM32G4xx_HAL_Driver/Inc -I../Drivers/STM32G4xx_HAL_Driver/Inc/Legacy -I../Drivers/CMSIS/Device/ST/STM32G4xx/Include -I../Drivers/CMSIS/Include -O0 -ffunction-sections -fdata-sections -Wall -fstack-usage -MMD -MP -MF"Core/Src/stm32g4xx_it.d" -MT"Core/Src/stm32g4xx_it.o" --specs=nano.specs -mfpu=fpv4-sp-d16 -mfloat-abi=hard -mthumb -o "Core/Src/stm32g4xx_it.o"
arm-none-eabi-gcc "../Core/Src/syscalls.c" -mcpu=cortex-m4 -std=gnu11 -g3 -DDEBUG -DUSE_HAL_DRIVER -DSTM32G474xx -c -I../Core/Inc -I../Drivers/STM32G4xx_HAL_Driver/Inc -I../Drivers/STM32G4xx_HAL_Driver/Inc/Legacy -I../Drivers/CMSIS/Device/ST/STM32G4xx/Include -I../Drivers/CMSIS/Include -O0 -ffunction-sections -fdata-sections -Wall -fstack-usage -MMD -MP -MF"Core/Src/syscalls.d" -MT"Core/Src/syscalls.o" --specs=nano.specs -mfpu=fpv4-sp-d16 -mfloat-abi=hard -mthumb -o "Core/Src/syscalls.o"
In file included from ../Core/Src/main.c:31:
D:\SN-USER\HAL-SN-Functions\SN-functions.h:16:10: fatal error: stm32f1xx_hal.h: No such file or directory
   16 | #include "stm32f1xx_hal.h"
      |          ^~~~~~~~~~~~~~~~~
compilation terminated.
make: *** [Core/Src/subdir.mk:64: Core/Src/main.o] Error 1
make: *** Waiting for unfinished jobs....
"make -j4 all" terminated with exit code 2. Build might be incomplete.
00:41:04 **** Incremental Build of configuration Debug for project GRUZIK3.0 ****
make -j4 all 
arm-none-eabi-gcc "../Core/Src/main.c" -mcpu=cortex-m4 -std=gnu11 -g3 -DDEBUG -DUSE_HAL_DRIVER -DSTM32G474xx -c -I../Core/Inc -I../Drivers/STM32G4xx_HAL_Driver/Inc -I../Drivers/STM32G4xx_HAL_Driver/Inc/Legacy -I../Drivers/CMSIS/Device/ST/STM32G4xx/Include -I../Drivers/CMSIS/Include -O0 -ffunction-sections -fdata-sections -Wall -fstack-usage -MMD -MP -MF"Core/Src/main.d" -MT"Core/Src/main.o" --specs=nano.specs -mfpu=fpv4-sp-d16 -mfloat-abi=hard -mthumb -o "Core/Src/main.o"
arm-none-eabi-gcc "../Core/Src/sysmem.c" -mcpu=cortex-m4 -std=gnu11 -g3 -DDEBUG -DUSE_HAL_DRIVER -DSTM32G474xx -c -I../Core/Inc -I../Drivers/STM32G4xx_HAL_Driver/Inc -I../Drivers/STM32G4xx_HAL_Driver/Inc/Legacy -I../Drivers/CMSIS/Device/ST/STM32G4xx/Include -I../Drivers/CMSIS/Include -O0 -ffunction-sections -fdata-sections -Wall -fstack-usage -MMD -MP -MF"Core/Src/sysmem.d" -MT"Core/Src/sysmem.o" --specs=nano.specs -mfpu=fpv4-sp-d16 -mfloat-abi=hard -mthumb -o "Core/Src/sysmem.o"
arm-none-eabi-gcc "../Core/Src/system_stm32g4xx.c" -mcpu=cortex-m4 -std=gnu11 -g3 -DDEBUG -DUSE_HAL_DRIVER -DSTM32G474xx -c -I../Core/Inc -I../Drivers/STM32G4xx_HAL_Driver/Inc -I../Drivers/STM32G4xx_HAL_Driver/Inc/Legacy -I../Drivers/CMSIS/Device/ST/STM32G4xx/Include -I../Drivers/CMSIS/Include -O0 -ffunction-sections -fdata-sections -Wall -fstack-usage -MMD -MP -MF"Core/Src/system_stm32g4xx.d" -MT"Core/Src/system_stm32g4xx.o" --specs=nano.specs -mfpu=fpv4-sp-d16 -mfloat-abi=hard -mthumb -o "Core/Src/system_stm32g4xx.o"
arm-none-eabi-gcc "../Core/Src/tim.c" -mcpu=cortex-m4 -std=gnu11 -g3 -DDEBUG -DUSE_HAL_DRIVER -DSTM32G474xx -c -I../Core/Inc -I../Drivers/STM32G4xx_HAL_Driver/Inc -I../Drivers/STM32G4xx_HAL_Driver/Inc/Legacy -I../Drivers/CMSIS/Device/ST/STM32G4xx/Include -I../Drivers/CMSIS/Include -O0 -ffunction-sections -fdata-sections -Wall -fstack-usage -MMD -MP -MF"Core/Src/tim.d" -MT"Core/Src/tim.o" --specs=nano.specs -mfpu=fpv4-sp-d16 -mfloat-abi=hard -mthumb -o "Core/Src/tim.o"
In file included from ../Core/Src/main.c:31:
D:\SN-USER\HAL-SN-Functions\SN-functions.h:16:10: fatal error: stm32f1xx_hal.h: No such file or directory
   16 | #include "stm32f1xx_hal.h"
      |          ^~~~~~~~~~~~~~~~~
compilation terminated.
arm-none-eabi-gcc "../Core/Src/usart.c" -mcpu=cortex-m4 -std=gnu11 -g3 -DDEBUG -DUSE_HAL_DRIVER -DSTM32G474xx -c -I../Core/Inc -I../Drivers/STM32G4xx_HAL_Driver/Inc -I../Drivers/STM32G4xx_HAL_Driver/Inc/Legacy -I../Drivers/CMSIS/Device/ST/STM32G4xx/Include -I../Drivers/CMSIS/Include -O0 -ffunction-sections -fdata-sections -Wall -fstack-usage -MMD -MP -MF"Core/Src/usart.d" -MT"Core/Src/usart.o" --specs=nano.specs -mfpu=fpv4-sp-d16 -mfloat-abi=hard -mthumb -o "Core/Src/usart.o"
make: *** [Core/Src/subdir.mk:64: Core/Src/main.o] Error 1
make: *** Waiting for unfinished jobs....
"make -j4 all" terminated with exit code 2. Build might be incomplete.
00:41:18 **** Incremental Build of configuration Debug for project GRUZIK3.0 ****
make -j4 all 
arm-none-eabi-gcc "../Core/Src/main.c" -mcpu=cortex-m4 -std=gnu11 -g3 -DDEBUG -DUSE_HAL_DRIVER -DSTM32G474xx -c -I../Core/Inc -I../Drivers/STM32G4xx_HAL_Driver/Inc -I../Drivers/STM32G4xx_HAL_Driver/Inc/Legacy -I../Drivers/CMSIS/Device/ST/STM32G4xx/Include -I../Drivers/CMSIS/Include -O0 -ffunction-sections -fdata-sections -Wall -fstack-usage -MMD -MP -MF"Core/Src/main.d" -MT"Core/Src/main.o" --specs=nano.specs -mfpu=fpv4-sp-d16 -mfloat-abi=hard -mthumb -o "Core/Src/main.o"
In file included from ../Core/Src/main.c:31:
D:\SN-USER\HAL-SN-Functions\SN-functions.h:16:10: fatal error: stm32f1xx_hal.h: No such file or directory
   16 | #include "stm32f1xx_hal.h"
      |          ^~~~~~~~~~~~~~~~~
compilation terminated.
make: *** [Core/Src/subdir.mk:64: Core/Src/main.o] Error 1
"make -j4 all" terminated with exit code 2. Build might be incomplete.
00:41:53 **** Incremental Build of configuration Debug for project GRUZIK3.0 ****
make -j4 all 
arm-none-eabi-gcc "../Core/Src/SimpleParser.c" -mcpu=cortex-m4 -std=gnu11 -g3 -DDEBUG -DUSE_HAL_DRIVER -DSTM32G474xx -c -I../Core/Inc -I../Drivers/STM32G4xx_HAL_Driver/Inc -I../Drivers/STM32G4xx_HAL_Driver/Inc/Legacy -I../Drivers/CMSIS/Device/ST/STM32G4xx/Include -I../Drivers/CMSIS/Include -O0 -ffunction-sections -fdata-sections -Wall -fstack-usage -MMD -MP -MF"Core/Src/SimpleParser.d" -MT"Core/Src/SimpleParser.o" --specs=nano.specs -mfpu=fpv4-sp-d16 -mfloat-abi=hard -mthumb -o "Core/Src/SimpleParser.o"
arm-none-eabi-gcc "../Core/Src/main.c" -mcpu=cortex-m4 -std=gnu11 -g3 -DDEBUG -DUSE_HAL_DRIVER -DSTM32G474xx -c -I../Core/Inc -I../Drivers/STM32G4xx_HAL_Driver/Inc -I../Drivers/STM32G4xx_HAL_Driver/Inc/Legacy -I../Drivers/CMSIS/Device/ST/STM32G4xx/Include -I../Drivers/CMSIS/Include -O0 -ffunction-sections -fdata-sections -Wall -fstack-usage -MMD -MP -MF"Core/Src/main.d" -MT"Core/Src/main.o" --specs=nano.specs -mfpu=fpv4-sp-d16 -mfloat-abi=hard -mthumb -o "Core/Src/main.o"
In file included from ../Core/Src/main.c:31:
D:\SN-USER\HAL-SN-Functions\SN-functions.h:16:10: fatal error: stm32f1xx_hal.h: No such file or directory
   16 | #include "stm32f1xx_hal.h"
      |          ^~~~~~~~~~~~~~~~~
compilation terminated.
make: *** [Core/Src/subdir.mk:64: Core/Src/main.o] Error 1
make: *** Waiting for unfinished jobs....
"make -j4 all" terminated with exit code 2. Build might be incomplete.
00:42:55 **** Incremental Build of configuration Debug for project GRUZIK3.0 ****
make -j4 all 
arm-none-eabi-gcc "../Core/Src/main.c" -mcpu=cortex-m4 -std=gnu11 -g3 -DDEBUG -DUSE_HAL_DRIVER -DSTM32G474xx -c -I../Core/Inc -I../Drivers/STM32G4xx_HAL_Driver/Inc -I../Drivers/STM32G4xx_HAL_Driver/Inc/Legacy -I../Drivers/CMSIS/Device/ST/STM32G4xx/Include -I../Drivers/CMSIS/Include -O0 -ffunction-sections -fdata-sections -Wall -fstack-usage -MMD -MP -MF"Core/Src/main.d" -MT"Core/Src/main.o" --specs=nano.specs -mfpu=fpv4-sp-d16 -mfloat-abi=hard -mthumb -o "Core/Src/main.o"
../Core/Src/main.c:87:17: warning: 'low_voltage_flag' defined but not used [-Wunused-variable]
   87 |  static uint8_t low_voltage_flag = 0;
      |                 ^~~~~~~~~~~~~~~~
../Core/Src/main.c:86:18: warning: 'low_voltage_time' defined but not used [-Wunused-variable]
   86 |  static uint32_t low_voltage_time;
      |                  ^~~~~~~~~~~~~~~~
arm-none-eabi-gcc -o "GRUZIK3.0.elf" @"objects.list"   -mcpu=cortex-m4 -T"D:\SN-USER\Projects\GRUZIK3.0-light\Software\GRUZIK3.0_Code\GRUZIK3.0\STM32G474RETX_FLASH.ld" --specs=nosys.specs -Wl,-Map="GRUZIK3.0.map" -Wl,--gc-sections -static --specs=nano.specs -mfpu=fpv4-sp-d16 -mfloat-abi=hard -mthumb -u _printf_float -Wl,--start-group -lc -lm -Wl,--end-group
Finished building target: GRUZIK3.0.elf
 
arm-none-eabi-size   GRUZIK3.0.elf 
arm-none-eabi-objdump -h -S  GRUZIK3.0.elf  > "GRUZIK3.0.list"
   text	   data	    bss	    dec	    hex	filename
  61904	    492	   2684	  65080	   fe38	GRUZIK3.0.elf
Finished building: default.size.stdout
 
Finished building: GRUZIK3.0.list
 
00:45:34 **** Incremental Build of configuration Debug for project GRUZIK3.0 ****
make -j4 all 
arm-none-eabi-size   GRUZIK3.0.elf 
   text	   data	    bss	    dec	    hex	filename
  61904	    492	   2684	  65080	   fe38	GRUZIK3.0.elf
Finished building: default.size.stdout
 
00:45:54 **** Incremental Build of configuration Debug for project GRUZIK3.0 ****
make -j4 all 
arm-none-eabi-size   GRUZIK3.0.elf 
   text	   data	    bss	    dec	    hex	filename
  61904	    492	   2684	  65080	   fe38	GRUZIK3.0.elf
Finished building: default.size.stdout
 
00:47:03 **** Incremental Build of configuration Debug for project GRUZIK3.0 ****
make -j4 all 
arm-none-eabi-gcc "../Core/Src/main.c" -mcpu=cortex-m4 -std=gnu11 -g3 -DDEBUG -DUSE_HAL_DRIVER -DSTM32G474xx -c -I../Core/Inc -I../Drivers/STM32G4xx_HAL_Driver/Inc -I../Drivers/STM32G4xx_HAL_Driver/Inc/Legacy -I../Drivers/CMSIS/Device/ST/STM32G4xx/Include -I../Drivers/CMSIS/Include -O0 -ffunction-sections -fdata-sections -Wall -fstack-usage -MMD -MP -MF"Core/Src/main.d" -MT"Core/Src/main.o" --specs=nano.specs -mfpu=fpv4-sp-d16 -mfloat-abi=hard -mthumb -o "Core/Src/main.o"
../Core/Src/main.c:87:17: warning: 'low_voltage_flag' defined but not used [-Wunused-variable]
   87 |  static uint8_t low_voltage_flag = 0;
      |                 ^~~~~~~~~~~~~~~~
../Core/Src/main.c:86:18: warning: 'low_voltage_time' defined but not used [-Wunused-variable]
   86 |  static uint32_t low_voltage_time;
      |                  ^~~~~~~~~~~~~~~~
arm-none-eabi-gcc -o "GRUZIK3.0.elf" @"objects.list"   -mcpu=cortex-m4 -T"D:\SN-USER\Projects\GRUZIK3.0-light\Software\GRUZIK3.0_Code\GRUZIK3.0\STM32G474RETX_FLASH.ld" --specs=nosys.specs -Wl,-Map="GRUZIK3.0.map" -Wl,--gc-sections -static --specs=nano.specs -mfpu=fpv4-sp-d16 -mfloat-abi=hard -mthumb -u _printf_float -Wl,--start-group -lc -lm -Wl,--end-group
Finished building target: GRUZIK3.0.elf
 
arm-none-eabi-size   GRUZIK3.0.elf 
arm-none-eabi-objdump -h -S  GRUZIK3.0.elf  > "GRUZIK3.0.list"
   text	   data	    bss	    dec	    hex	filename
  60296	    492	   2684	  63472	   f7f0	GRUZIK3.0.elf
Finished building: default.size.stdout
 
Finished building: GRUZIK3.0.list
 
00:48:00 **** Incremental Build of configuration Debug for project GRUZIK3.0 ****
make -j4 all 
arm-none-eabi-size   GRUZIK3.0.elf 
   text	   data	    bss	    dec	    hex	filename
  60296	    492	   2684	  63472	   f7f0	GRUZIK3.0.elf
Finished building: default.size.stdout
 
00:51:54 **** Incremental Build of configuration Debug for project GRUZIK3.0 ****
make -j4 all 
arm-none-eabi-gcc "../Core/Src/adc.c" -mcpu=cortex-m4 -std=gnu11 -g3 -DDEBUG -DUSE_HAL_DRIVER -DSTM32G474xx -c -I../Core/Inc -I../Drivers/STM32G4xx_HAL_Driver/Inc -I../Drivers/STM32G4xx_HAL_Driver/Inc/Legacy -I../Drivers/CMSIS/Device/ST/STM32G4xx/Include -I../Drivers/CMSIS/Include -O0 -ffunction-sections -fdata-sections -Wall -fstack-usage -MMD -MP -MF"Core/Src/adc.d" -MT"Core/Src/adc.o" --specs=nano.specs -mfpu=fpv4-sp-d16 -mfloat-abi=hard -mthumb -o "Core/Src/adc.o"
arm-none-eabi-gcc "../Core/Src/main.c" -mcpu=cortex-m4 -std=gnu11 -g3 -DDEBUG -DUSE_HAL_DRIVER -DSTM32G474xx -c -I../Core/Inc -I../Drivers/STM32G4xx_HAL_Driver/Inc -I../Drivers/STM32G4xx_HAL_Driver/Inc/Legacy -I../Drivers/CMSIS/Device/ST/STM32G4xx/Include -I../Drivers/CMSIS/Include -O0 -ffunction-sections -fdata-sections -Wall -fstack-usage -MMD -MP -MF"Core/Src/main.d" -MT"Core/Src/main.o" --specs=nano.specs -mfpu=fpv4-sp-d16 -mfloat-abi=hard -mthumb -o "Core/Src/main.o"
../Core/Src/main.c:87:17: warning: 'low_voltage_flag' defined but not used [-Wunused-variable]
   87 |  static uint8_t low_voltage_flag = 0;
      |                 ^~~~~~~~~~~~~~~~
../Core/Src/main.c:86:18: warning: 'low_voltage_time' defined but not used [-Wunused-variable]
   86 |  static uint32_t low_voltage_time;
      |                  ^~~~~~~~~~~~~~~~
arm-none-eabi-gcc -o "GRUZIK3.0.elf" @"objects.list"   -mcpu=cortex-m4 -T"D:\SN-USER\Projects\GRUZIK3.0-light\Software\GRUZIK3.0_Code\GRUZIK3.0\STM32G474RETX_FLASH.ld" --specs=nosys.specs -Wl,-Map="GRUZIK3.0.map" -Wl,--gc-sections -static --specs=nano.specs -mfpu=fpv4-sp-d16 -mfloat-abi=hard -mthumb -u _printf_float -Wl,--start-group -lc -lm -Wl,--end-group
Finished building target: GRUZIK3.0.elf
 
arm-none-eabi-size   GRUZIK3.0.elf 
arm-none-eabi-objdump -h -S  GRUZIK3.0.elf  > "GRUZIK3.0.list"
   text	   data	    bss	    dec	    hex	filename
  61904	    492	   2684	  65080	   fe38	GRUZIK3.0.elf
Finished building: default.size.stdout
 
Finished building: GRUZIK3.0.list
 
00:52:13 **** Incremental Build of configuration Debug for project GRUZIK3.0 ****
make -j4 all 
arm-none-eabi-size   GRUZIK3.0.elf 
   text	   data	    bss	    dec	    hex	filename
  61904	    492	   2684	  65080	   fe38	GRUZIK3.0.elf
Finished building: default.size.stdout
 
00:55:27 **** Incremental Build of configuration Debug for project GRUZIK3.0 ****
make -j4 all 
arm-none-eabi-gcc "../Core/Src/SimpleParser.c" -mcpu=cortex-m4 -std=gnu11 -g3 -DDEBUG -DUSE_HAL_DRIVER -DSTM32G474xx -c -I../Core/Inc -I../Drivers/STM32G4xx_HAL_Driver/Inc -I../Drivers/STM32G4xx_HAL_Driver/Inc/Legacy -I../Drivers/CMSIS/Device/ST/STM32G4xx/Include -I../Drivers/CMSIS/Include -O0 -ffunction-sections -fdata-sections -Wall -fstack-usage -MMD -MP -MF"Core/Src/SimpleParser.d" -MT"Core/Src/SimpleParser.o" --specs=nano.specs -mfpu=fpv4-sp-d16 -mfloat-abi=hard -mthumb -o "Core/Src/SimpleParser.o"
arm-none-eabi-gcc -o "GRUZIK3.0.elf" @"objects.list"   -mcpu=cortex-m4 -T"D:\SN-USER\Projects\GRUZIK3.0-light\Software\GRUZIK3.0_Code\GRUZIK3.0\STM32G474RETX_FLASH.ld" --specs=nosys.specs -Wl,-Map="GRUZIK3.0.map" -Wl,--gc-sections -static --specs=nano.specs -mfpu=fpv4-sp-d16 -mfloat-abi=hard -mthumb -u _printf_float -Wl,--start-group -lc -lm -Wl,--end-group
Finished building target: GRUZIK3.0.elf
 
arm-none-eabi-size   GRUZIK3.0.elf 
arm-none-eabi-objdump -h -S  GRUZIK3.0.elf  > "GRUZIK3.0.list"
   text	   data	    bss	    dec	    hex	filename
  59948	    492	   2684	  63124	   f694	GRUZIK3.0.elf
Finished building: default.size.stdout
 
Finished building: GRUZIK3.0.list
 
00:55:53 **** Incremental Build of configuration Debug for project GRUZIK3.0 ****
make -j4 all 
arm-none-eabi-size   GRUZIK3.0.elf 
   text	   data	    bss	    dec	    hex	filename
  59948	    492	   2684	  63124	   f694	GRUZIK3.0.elf
Finished building: default.size.stdout
 
00:57:44 **** Incremental Build of configuration Debug for project GRUZIK3.0 ****
make -j4 all 
arm-none-eabi-gcc "../Core/Src/usart.c" -mcpu=cortex-m4 -std=gnu11 -g3 -DDEBUG -DUSE_HAL_DRIVER -DSTM32G474xx -c -I../Core/Inc -I../Drivers/STM32G4xx_HAL_Driver/Inc -I../Drivers/STM32G4xx_HAL_Driver/Inc/Legacy -I../Drivers/CMSIS/Device/ST/STM32G4xx/Include -I../Drivers/CMSIS/Include -O0 -ffunction-sections -fdata-sections -Wall -fstack-usage -MMD -MP -MF"Core/Src/usart.d" -MT"Core/Src/usart.o" --specs=nano.specs -mfpu=fpv4-sp-d16 -mfloat-abi=hard -mthumb -o "Core/Src/usart.o"
arm-none-eabi-gcc -o "GRUZIK3.0.elf" @"objects.list"   -mcpu=cortex-m4 -T"D:\SN-USER\Projects\GRUZIK3.0-light\Software\GRUZIK3.0_Code\GRUZIK3.0\STM32G474RETX_FLASH.ld" --specs=nosys.specs -Wl,-Map="GRUZIK3.0.map" -Wl,--gc-sections -static --specs=nano.specs -mfpu=fpv4-sp-d16 -mfloat-abi=hard -mthumb -u _printf_float -Wl,--start-group -lc -lm -Wl,--end-group
Finished building target: GRUZIK3.0.elf
 
arm-none-eabi-size   GRUZIK3.0.elf 
arm-none-eabi-objdump -h -S  GRUZIK3.0.elf  > "GRUZIK3.0.list"
   text	   data	    bss	    dec	    hex	filename
  59948	    492	   2684	  63124	   f694	GRUZIK3.0.elf
Finished building: default.size.stdout
 
Finished building: GRUZIK3.0.list
 
00:57:53 **** Incremental Build of configuration Debug for project GRUZIK3.0 ****
make -j4 all 
arm-none-eabi-size   GRUZIK3.0.elf 
   text	   data	    bss	    dec	    hex	filename
  59948	    492	   2684	  63124	   f694	GRUZIK3.0.elf
Finished building: default.size.stdout
 
00:58:52 **** Incremental Build of configuration Debug for project GRUZIK3.0 ****
make -j4 all 
arm-none-eabi-gcc "../Core/Src/usart.c" -mcpu=cortex-m4 -std=gnu11 -g3 -DDEBUG -DUSE_HAL_DRIVER -DSTM32G474xx -c -I../Core/Inc -I../Drivers/STM32G4xx_HAL_Driver/Inc -I../Drivers/STM32G4xx_HAL_Driver/Inc/Legacy -I../Drivers/CMSIS/Device/ST/STM32G4xx/Include -I../Drivers/CMSIS/Include -O0 -ffunction-sections -fdata-sections -Wall -fstack-usage -MMD -MP -MF"Core/Src/usart.d" -MT"Core/Src/usart.o" --specs=nano.specs -mfpu=fpv4-sp-d16 -mfloat-abi=hard -mthumb -o "Core/Src/usart.o"
arm-none-eabi-gcc -o "GRUZIK3.0.elf" @"objects.list"   -mcpu=cortex-m4 -T"D:\SN-USER\Projects\GRUZIK3.0-light\Software\GRUZIK3.0_Code\GRUZIK3.0\STM32G474RETX_FLASH.ld" --specs=nosys.specs -Wl,-Map="GRUZIK3.0.map" -Wl,--gc-sections -static --specs=nano.specs -mfpu=fpv4-sp-d16 -mfloat-abi=hard -mthumb -u _printf_float -Wl,--start-group -lc -lm -Wl,--end-group
Finished building target: GRUZIK3.0.elf
 
arm-none-eabi-size   GRUZIK3.0.elf 
arm-none-eabi-objdump -h -S  GRUZIK3.0.elf  > "GRUZIK3.0.list"
   text	   data	    bss	    dec	    hex	filename
  59948	    492	   2684	  63124	   f694	GRUZIK3.0.elf
Finished building: default.size.stdout
 
Finished building: GRUZIK3.0.list
 
01:11:12 **** Incremental Build of configuration Debug for project GRUZIK3.0 ****
make -j4 all 
arm-none-eabi-size   GRUZIK3.0.elf 
   text	   data	    bss	    dec	    hex	filename
  59948	    492	   2684	  63124	   f694	GRUZIK3.0.elf
Finished building: default.size.stdout
 
01:12:08 **** Incremental Build of configuration Debug for project GRUZIK3.0 ****
make -j4 all 
arm-none-eabi-gcc "../Core/Src/main.c" -mcpu=cortex-m4 -std=gnu11 -g3 -DDEBUG -DUSE_HAL_DRIVER -DSTM32G474xx -c -I../Core/Inc -I../Drivers/STM32G4xx_HAL_Driver/Inc -I../Drivers/STM32G4xx_HAL_Driver/Inc/Legacy -I../Drivers/CMSIS/Device/ST/STM32G4xx/Include -I../Drivers/CMSIS/Include -O0 -ffunction-sections -fdata-sections -Wall -fstack-usage -MMD -MP -MF"Core/Src/main.d" -MT"Core/Src/main.o" --specs=nano.specs -mfpu=fpv4-sp-d16 -mfloat-abi=hard -mthumb -o "Core/Src/main.o"
arm-none-eabi-gcc "../Core/Src/usart.c" -mcpu=cortex-m4 -std=gnu11 -g3 -DDEBUG -DUSE_HAL_DRIVER -DSTM32G474xx -c -I../Core/Inc -I../Drivers/STM32G4xx_HAL_Driver/Inc -I../Drivers/STM32G4xx_HAL_Driver/Inc/Legacy -I../Drivers/CMSIS/Device/ST/STM32G4xx/Include -I../Drivers/CMSIS/Include -O0 -ffunction-sections -fdata-sections -Wall -fstack-usage -MMD -MP -MF"Core/Src/usart.d" -MT"Core/Src/usart.o" --specs=nano.specs -mfpu=fpv4-sp-d16 -mfloat-abi=hard -mthumb -o "Core/Src/usart.o"
../Core/Src/main.c:87:17: warning: 'low_voltage_flag' defined but not used [-Wunused-variable]
   87 |  static uint8_t low_voltage_flag = 0;
      |                 ^~~~~~~~~~~~~~~~
../Core/Src/main.c:86:18: warning: 'low_voltage_time' defined but not used [-Wunused-variable]
   86 |  static uint32_t low_voltage_time;
      |                  ^~~~~~~~~~~~~~~~
arm-none-eabi-gcc -o "GRUZIK3.0.elf" @"objects.list"   -mcpu=cortex-m4 -T"D:\SN-USER\Projects\GRUZIK3.0-light\Software\GRUZIK3.0_Code\GRUZIK3.0\STM32G474RETX_FLASH.ld" --specs=nosys.specs -Wl,-Map="GRUZIK3.0.map" -Wl,--gc-sections -static --specs=nano.specs -mfpu=fpv4-sp-d16 -mfloat-abi=hard -mthumb -u _printf_float -Wl,--start-group -lc -lm -Wl,--end-group
Finished building target: GRUZIK3.0.elf
 
arm-none-eabi-size   GRUZIK3.0.elf 
arm-none-eabi-objdump -h -S  GRUZIK3.0.elf  > "GRUZIK3.0.list"
   text	   data	    bss	    dec	    hex	filename
  60004	    492	   2684	  63180	   f6cc	GRUZIK3.0.elf
Finished building: default.size.stdout
 
Finished building: GRUZIK3.0.list
 
01:13:00 **** Incremental Build of configuration Debug for project GRUZIK3.0 ****
make -j4 all 
arm-none-eabi-size   GRUZIK3.0.elf 
   text	   data	    bss	    dec	    hex	filename
  60004	    492	   2684	  63180	   f6cc	GRUZIK3.0.elf
Finished building: default.size.stdout
 
01:20:10 **** Incremental Build of configuration Debug for project GRUZIK3.0 ****
make -j4 all 
arm-none-eabi-gcc "../Core/Src/SimpleParser.c" -mcpu=cortex-m4 -std=gnu11 -g3 -DDEBUG -DUSE_HAL_DRIVER -DSTM32G474xx -c -I../Core/Inc -I../Drivers/STM32G4xx_HAL_Driver/Inc -I../Drivers/STM32G4xx_HAL_Driver/Inc/Legacy -I../Drivers/CMSIS/Device/ST/STM32G4xx/Include -I../Drivers/CMSIS/Include -O0 -ffunction-sections -fdata-sections -Wall -fstack-usage -MMD -MP -MF"Core/Src/SimpleParser.d" -MT"Core/Src/SimpleParser.o" --specs=nano.specs -mfpu=fpv4-sp-d16 -mfloat-abi=hard -mthumb -o "Core/Src/SimpleParser.o"
arm-none-eabi-gcc "../Core/Src/main.c" -mcpu=cortex-m4 -std=gnu11 -g3 -DDEBUG -DUSE_HAL_DRIVER -DSTM32G474xx -c -I../Core/Inc -I../Drivers/STM32G4xx_HAL_Driver/Inc -I../Drivers/STM32G4xx_HAL_Driver/Inc/Legacy -I../Drivers/CMSIS/Device/ST/STM32G4xx/Include -I../Drivers/CMSIS/Include -O0 -ffunction-sections -fdata-sections -Wall -fstack-usage -MMD -MP -MF"Core/Src/main.d" -MT"Core/Src/main.o" --specs=nano.specs -mfpu=fpv4-sp-d16 -mfloat-abi=hard -mthumb -o "Core/Src/main.o"
../Core/Src/main.c:87:17: warning: 'low_voltage_flag' defined but not used [-Wunused-variable]
   87 |  static uint8_t low_voltage_flag = 0;
      |                 ^~~~~~~~~~~~~~~~
../Core/Src/main.c:86:18: warning: 'low_voltage_time' defined but not used [-Wunused-variable]
   86 |  static uint32_t low_voltage_time;
      |                  ^~~~~~~~~~~~~~~~
arm-none-eabi-gcc -o "GRUZIK3.0.elf" @"objects.list"   -mcpu=cortex-m4 -T"D:\SN-USER\Projects\GRUZIK3.0-light\Software\GRUZIK3.0_Code\GRUZIK3.0\STM32G474RETX_FLASH.ld" --specs=nosys.specs -Wl,-Map="GRUZIK3.0.map" -Wl,--gc-sections -static --specs=nano.specs -mfpu=fpv4-sp-d16 -mfloat-abi=hard -mthumb -u _printf_float -Wl,--start-group -lc -lm -Wl,--end-group
Finished building target: GRUZIK3.0.elf
 
arm-none-eabi-size   GRUZIK3.0.elf 
arm-none-eabi-objdump -h -S  GRUZIK3.0.elf  > "GRUZIK3.0.list"
   text	   data	    bss	    dec	    hex	filename
  61736	    492	   2684	  64912	   fd90	GRUZIK3.0.elf
Finished building: default.size.stdout
 
Finished building: GRUZIK3.0.list
 
01:20:14 **** Incremental Build of configuration Debug for project GRUZIK3.0 ****
make -j4 all 
arm-none-eabi-size   GRUZIK3.0.elf 
   text	   data	    bss	    dec	    hex	filename
  61736	    492	   2684	  64912	   fd90	GRUZIK3.0.elf
Finished building: default.size.stdout
 
01:34:51 **** Incremental Build of configuration Debug for project GRUZIK3.0 ****
make -j4 all 
arm-none-eabi-gcc "../Core/Src/adc.c" -mcpu=cortex-m4 -std=gnu11 -g3 -DDEBUG -DUSE_HAL_DRIVER -DSTM32G474xx -c -I../Core/Inc -I../Drivers/STM32G4xx_HAL_Driver/Inc -I../Drivers/STM32G4xx_HAL_Driver/Inc/Legacy -I../Drivers/CMSIS/Device/ST/STM32G4xx/Include -I../Drivers/CMSIS/Include -O0 -ffunction-sections -fdata-sections -Wall -fstack-usage -MMD -MP -MF"Core/Src/adc.d" -MT"Core/Src/adc.o" --specs=nano.specs -mfpu=fpv4-sp-d16 -mfloat-abi=hard -mthumb -o "Core/Src/adc.o"
arm-none-eabi-gcc -o "GRUZIK3.0.elf" @"objects.list"   -mcpu=cortex-m4 -T"D:\SN-USER\Projects\GRUZIK3.0-light\Software\GRUZIK3.0_Code\GRUZIK3.0\STM32G474RETX_FLASH.ld" --specs=nosys.specs -Wl,-Map="GRUZIK3.0.map" -Wl,--gc-sections -static --specs=nano.specs -mfpu=fpv4-sp-d16 -mfloat-abi=hard -mthumb -u _printf_float -Wl,--start-group -lc -lm -Wl,--end-group
Finished building target: GRUZIK3.0.elf
 
arm-none-eabi-size   GRUZIK3.0.elf 
arm-none-eabi-objdump -h -S  GRUZIK3.0.elf  > "GRUZIK3.0.list"
   text	   data	    bss	    dec	    hex	filename
  61736	    492	   2684	  64912	   fd90	GRUZIK3.0.elf
Finished building: default.size.stdout
 
Finished building: GRUZIK3.0.list
 
01:39:24 **** Incremental Build of configuration Debug for project GRUZIK3.0 ****
make -j4 all 
arm-none-eabi-size   GRUZIK3.0.elf 
   text	   data	    bss	    dec	    hex	filename
  61736	    492	   2684	  64912	   fd90	GRUZIK3.0.elf
Finished building: default.size.stdout
 
01:39:30 **** Incremental Build of configuration Debug for project GRUZIK3.0 ****
make -j4 all 
arm-none-eabi-size   GRUZIK3.0.elf 
   text	   data	    bss	    dec	    hex	filename
  61736	    492	   2684	  64912	   fd90	GRUZIK3.0.elf
Finished building: default.size.stdout
 
01:39:55 **** Incremental Build of configuration Debug for project GRUZIK3.0 ****
make -j4 all 
arm-none-eabi-size   GRUZIK3.0.elf 
   text	   data	    bss	    dec	    hex	filename
  61736	    492	   2684	  64912	   fd90	GRUZIK3.0.elf
Finished building: default.size.stdout
 
01:40:22 **** Incremental Build of configuration Debug for project GRUZIK3.0 ****
make -j4 all 
arm-none-eabi-size   GRUZIK3.0.elf 
   text	   data	    bss	    dec	    hex	filename
  61736	    492	   2684	  64912	   fd90	GRUZIK3.0.elf
Finished building: default.size.stdout
 
01:41:35 **** Incremental Build of configuration Debug for project GRUZIK3.0 ****
make -j4 all 
arm-none-eabi-gcc "../Core/Src/main.c" -mcpu=cortex-m4 -std=gnu11 -g3 -DDEBUG -DUSE_HAL_DRIVER -DSTM32G474xx -c -I../Core/Inc -I../Drivers/STM32G4xx_HAL_Driver/Inc -I../Drivers/STM32G4xx_HAL_Driver/Inc/Legacy -I../Drivers/CMSIS/Device/ST/STM32G4xx/Include -I../Drivers/CMSIS/Include -O0 -ffunction-sections -fdata-sections -Wall -fstack-usage -MMD -MP -MF"Core/Src/main.d" -MT"Core/Src/main.o" --specs=nano.specs -mfpu=fpv4-sp-d16 -mfloat-abi=hard -mthumb -o "Core/Src/main.o"
../Core/Src/main.c:87:17: warning: 'low_voltage_flag' defined but not used [-Wunused-variable]
   87 |  static uint8_t low_voltage_flag = 0;
      |                 ^~~~~~~~~~~~~~~~
../Core/Src/main.c:86:18: warning: 'low_voltage_time' defined but not used [-Wunused-variable]
   86 |  static uint32_t low_voltage_time;
      |                  ^~~~~~~~~~~~~~~~
arm-none-eabi-gcc -o "GRUZIK3.0.elf" @"objects.list"   -mcpu=cortex-m4 -T"D:\SN-USER\Projects\GRUZIK3.0-light\Software\GRUZIK3.0_Code\GRUZIK3.0\STM32G474RETX_FLASH.ld" --specs=nosys.specs -Wl,-Map="GRUZIK3.0.map" -Wl,--gc-sections -static --specs=nano.specs -mfpu=fpv4-sp-d16 -mfloat-abi=hard -mthumb -u _printf_float -Wl,--start-group -lc -lm -Wl,--end-group
Finished building target: GRUZIK3.0.elf
 
arm-none-eabi-size   GRUZIK3.0.elf 
arm-none-eabi-objdump -h -S  GRUZIK3.0.elf  > "GRUZIK3.0.list"
   text	   data	    bss	    dec	    hex	filename
  58176	    492	   2676	  61344	   efa0	GRUZIK3.0.elf
Finished building: default.size.stdout
 
Finished building: GRUZIK3.0.list
 
01:42:07 **** Incremental Build of configuration Debug for project GRUZIK3.0 ****
make -j4 all 
arm-none-eabi-size   GRUZIK3.0.elf 
   text	   data	    bss	    dec	    hex	filename
  58176	    492	   2676	  61344	   efa0	GRUZIK3.0.elf
Finished building: default.size.stdout
 
01:48:41 **** Incremental Build of configuration Debug for project GRUZIK3.0 ****
make -j4 all 
arm-none-eabi-gcc "../Core/Src/adc.c" -mcpu=cortex-m4 -std=gnu11 -g3 -DDEBUG -DUSE_HAL_DRIVER -DSTM32G474xx -c -I../Core/Inc -I../Drivers/STM32G4xx_HAL_Driver/Inc -I../Drivers/STM32G4xx_HAL_Driver/Inc/Legacy -I../Drivers/CMSIS/Device/ST/STM32G4xx/Include -I../Drivers/CMSIS/Include -O0 -ffunction-sections -fdata-sections -Wall -fstack-usage -MMD -MP -MF"Core/Src/adc.d" -MT"Core/Src/adc.o" --specs=nano.specs -mfpu=fpv4-sp-d16 -mfloat-abi=hard -mthumb -o "Core/Src/adc.o"
arm-none-eabi-gcc "../Core/Src/main.c" -mcpu=cortex-m4 -std=gnu11 -g3 -DDEBUG -DUSE_HAL_DRIVER -DSTM32G474xx -c -I../Core/Inc -I../Drivers/STM32G4xx_HAL_Driver/Inc -I../Drivers/STM32G4xx_HAL_Driver/Inc/Legacy -I../Drivers/CMSIS/Device/ST/STM32G4xx/Include -I../Drivers/CMSIS/Include -O0 -ffunction-sections -fdata-sections -Wall -fstack-usage -MMD -MP -MF"Core/Src/main.d" -MT"Core/Src/main.o" --specs=nano.specs -mfpu=fpv4-sp-d16 -mfloat-abi=hard -mthumb -o "Core/Src/main.o"
../Core/Src/main.c:87:17: warning: 'low_voltage_flag' defined but not used [-Wunused-variable]
   87 |  static uint8_t low_voltage_flag = 0;
      |                 ^~~~~~~~~~~~~~~~
../Core/Src/main.c:86:18: warning: 'low_voltage_time' defined but not used [-Wunused-variable]
   86 |  static uint32_t low_voltage_time;
      |                  ^~~~~~~~~~~~~~~~
arm-none-eabi-gcc -o "GRUZIK3.0.elf" @"objects.list"   -mcpu=cortex-m4 -T"D:\SN-USER\Projects\GRUZIK3.0-light\Software\GRUZIK3.0_Code\GRUZIK3.0\STM32G474RETX_FLASH.ld" --specs=nosys.specs -Wl,-Map="GRUZIK3.0.map" -Wl,--gc-sections -static --specs=nano.specs -mfpu=fpv4-sp-d16 -mfloat-abi=hard -mthumb -u _printf_float -Wl,--start-group -lc -lm -Wl,--end-group
Finished building target: GRUZIK3.0.elf
 
arm-none-eabi-size   GRUZIK3.0.elf 
arm-none-eabi-objdump -h -S  GRUZIK3.0.elf  > "GRUZIK3.0.list"
   text	   data	    bss	    dec	    hex	filename
  61736	    492	   2684	  64912	   fd90	GRUZIK3.0.elf
Finished building: default.size.stdout
 
Finished building: GRUZIK3.0.list
 
01:48:49 **** Incremental Build of configuration Debug for project GRUZIK3.0 ****
make -j4 all 
arm-none-eabi-size   GRUZIK3.0.elf 
   text	   data	    bss	    dec	    hex	filename
  61736	    492	   2684	  64912	   fd90	GRUZIK3.0.elf
Finished building: default.size.stdout
 
01:49:10 **** Incremental Build of configuration Debug for project GRUZIK3.0 ****
make -j4 all 
arm-none-eabi-size   GRUZIK3.0.elf 
   text	   data	    bss	    dec	    hex	filename
  61736	    492	   2684	  64912	   fd90	GRUZIK3.0.elf
Finished building: default.size.stdout
 
01:49:56 **** Incremental Build of configuration Debug for project GRUZIK3.0 ****
make -j4 all 
arm-none-eabi-gcc -o "GRUZIK3.0.elf" @"objects.list"   -mcpu=cortex-m4 -T"D:\SN-USER\Projects\GRUZIK3.0-light\Software\GRUZIK3.0_Code\GRUZIK3.0\STM32G474RETX_FLASH.ld" --specs=nosys.specs -Wl,-Map="GRUZIK3.0.map" -Wl,--gc-sections -static --specs=nano.specs -mfpu=fpv4-sp-d16 -mfloat-abi=hard -mthumb -u _printf_float -Wl,--start-group -lc -lm -Wl,--end-group
Finished building target: GRUZIK3.0.elf
 
arm-none-eabi-size   GRUZIK3.0.elf 
arm-none-eabi-objdump -h -S  GRUZIK3.0.elf  > "GRUZIK3.0.list"
   text	   data	    bss	    dec	    hex	filename
  61736	    492	   2684	  64912	   fd90	GRUZIK3.0.elf
Finished building: default.size.stdout
 
Finished building: GRUZIK3.0.list
 
01:54:10 **** Incremental Build of configuration Debug for project GRUZIK3.0 ****
make -j4 all 
arm-none-eabi-gcc "../Core/Src/main.c" -mcpu=cortex-m4 -std=gnu11 -g3 -DDEBUG -DUSE_HAL_DRIVER -DSTM32G474xx -c -I../Core/Inc -I../Drivers/STM32G4xx_HAL_Driver/Inc -I../Drivers/STM32G4xx_HAL_Driver/Inc/Legacy -I../Drivers/CMSIS/Device/ST/STM32G4xx/Include -I../Drivers/CMSIS/Include -O0 -ffunction-sections -fdata-sections -Wall -fstack-usage -MMD -MP -MF"Core/Src/main.d" -MT"Core/Src/main.o" --specs=nano.specs -mfpu=fpv4-sp-d16 -mfloat-abi=hard -mthumb -o "Core/Src/main.o"
../Core/Src/main.c:87:17: warning: 'low_voltage_flag' defined but not used [-Wunused-variable]
   87 |  static uint8_t low_voltage_flag = 0;
      |                 ^~~~~~~~~~~~~~~~
../Core/Src/main.c:86:18: warning: 'low_voltage_time' defined but not used [-Wunused-variable]
   86 |  static uint32_t low_voltage_time;
      |                  ^~~~~~~~~~~~~~~~
arm-none-eabi-gcc -o "GRUZIK3.0.elf" @"objects.list"   -mcpu=cortex-m4 -T"D:\SN-USER\Projects\GRUZIK3.0-light\Software\GRUZIK3.0_Code\GRUZIK3.0\STM32G474RETX_FLASH.ld" --specs=nosys.specs -Wl,-Map="GRUZIK3.0.map" -Wl,--gc-sections -static --specs=nano.specs -mfpu=fpv4-sp-d16 -mfloat-abi=hard -mthumb -u _printf_float -Wl,--start-group -lc -lm -Wl,--end-group
Finished building target: GRUZIK3.0.elf
 
arm-none-eabi-size   GRUZIK3.0.elf 
arm-none-eabi-objdump -h -S  GRUZIK3.0.elf  > "GRUZIK3.0.list"
   text	   data	    bss	    dec	    hex	filename
  61744	    492	   2684	  64920	   fd98	GRUZIK3.0.elf
Finished building: default.size.stdout
 
Finished building: GRUZIK3.0.list
 
01:54:15 **** Incremental Build of configuration Debug for project GRUZIK3.0 ****
make -j4 all 
arm-none-eabi-size   GRUZIK3.0.elf 
   text	   data	    bss	    dec	    hex	filename
  61744	    492	   2684	  64920	   fd98	GRUZIK3.0.elf
Finished building: default.size.stdout
 
01:57:35 **** Incremental Build of configuration Debug for project GRUZIK3.0 ****
make -j4 all 
arm-none-eabi-gcc "../Core/Src/main.c" -mcpu=cortex-m4 -std=gnu11 -g3 -DDEBUG -DUSE_HAL_DRIVER -DSTM32G474xx -c -I../Core/Inc -I../Drivers/STM32G4xx_HAL_Driver/Inc -I../Drivers/STM32G4xx_HAL_Driver/Inc/Legacy -I../Drivers/CMSIS/Device/ST/STM32G4xx/Include -I../Drivers/CMSIS/Include -O0 -ffunction-sections -fdata-sections -Wall -fstack-usage -MMD -MP -MF"Core/Src/main.d" -MT"Core/Src/main.o" --specs=nano.specs -mfpu=fpv4-sp-d16 -mfloat-abi=hard -mthumb -o "Core/Src/main.o"
../Core/Src/main.c:87:17: warning: 'low_voltage_flag' defined but not used [-Wunused-variable]
   87 |  static uint8_t low_voltage_flag = 0;
      |                 ^~~~~~~~~~~~~~~~
../Core/Src/main.c:86:18: warning: 'low_voltage_time' defined but not used [-Wunused-variable]
   86 |  static uint32_t low_voltage_time;
      |                  ^~~~~~~~~~~~~~~~
arm-none-eabi-gcc -o "GRUZIK3.0.elf" @"objects.list"   -mcpu=cortex-m4 -T"D:\SN-USER\Projects\GRUZIK3.0-light\Software\GRUZIK3.0_Code\GRUZIK3.0\STM32G474RETX_FLASH.ld" --specs=nosys.specs -Wl,-Map="GRUZIK3.0.map" -Wl,--gc-sections -static --specs=nano.specs -mfpu=fpv4-sp-d16 -mfloat-abi=hard -mthumb -u _printf_float -Wl,--start-group -lc -lm -Wl,--end-group
Finished building target: GRUZIK3.0.elf
 
arm-none-eabi-size   GRUZIK3.0.elf 
arm-none-eabi-objdump -h -S  GRUZIK3.0.elf  > "GRUZIK3.0.list"
   text	   data	    bss	    dec	    hex	filename
  61808	    492	   2684	  64984	   fdd8	GRUZIK3.0.elf
Finished building: default.size.stdout
 
Finished building: GRUZIK3.0.list
 
01:58:10 **** Incremental Build of configuration Debug for project GRUZIK3.0 ****
make -j4 all 
arm-none-eabi-size   GRUZIK3.0.elf 
   text	   data	    bss	    dec	    hex	filename
  61808	    492	   2684	  64984	   fdd8	GRUZIK3.0.elf
Finished building: default.size.stdout
 
02:00:03 **** Incremental Build of configuration Debug for project GRUZIK3.0 ****
make -j4 all 
arm-none-eabi-gcc "../Core/Src/main.c" -mcpu=cortex-m4 -std=gnu11 -g3 -DDEBUG -DUSE_HAL_DRIVER -DSTM32G474xx -c -I../Core/Inc -I../Drivers/STM32G4xx_HAL_Driver/Inc -I../Drivers/STM32G4xx_HAL_Driver/Inc/Legacy -I../Drivers/CMSIS/Device/ST/STM32G4xx/Include -I../Drivers/CMSIS/Include -O0 -ffunction-sections -fdata-sections -Wall -fstack-usage -MMD -MP -MF"Core/Src/main.d" -MT"Core/Src/main.o" --specs=nano.specs -mfpu=fpv4-sp-d16 -mfloat-abi=hard -mthumb -o "Core/Src/main.o"
../Core/Src/main.c:87:17: warning: 'low_voltage_flag' defined but not used [-Wunused-variable]
   87 |  static uint8_t low_voltage_flag = 0;
      |                 ^~~~~~~~~~~~~~~~
../Core/Src/main.c:86:18: warning: 'low_voltage_time' defined but not used [-Wunused-variable]
   86 |  static uint32_t low_voltage_time;
      |                  ^~~~~~~~~~~~~~~~
arm-none-eabi-gcc -o "GRUZIK3.0.elf" @"objects.list"   -mcpu=cortex-m4 -T"D:\SN-USER\Projects\GRUZIK3.0-light\Software\GRUZIK3.0_Code\GRUZIK3.0\STM32G474RETX_FLASH.ld" --specs=nosys.specs -Wl,-Map="GRUZIK3.0.map" -Wl,--gc-sections -static --specs=nano.specs -mfpu=fpv4-sp-d16 -mfloat-abi=hard -mthumb -u _printf_float -Wl,--start-group -lc -lm -Wl,--end-group
Finished building target: GRUZIK3.0.elf
 
arm-none-eabi-size   GRUZIK3.0.elf 
arm-none-eabi-objdump -h -S  GRUZIK3.0.elf  > "GRUZIK3.0.list"
   text	   data	    bss	    dec	    hex	filename
  61744	    492	   2684	  64920	   fd98	GRUZIK3.0.elf
Finished building: default.size.stdout
 
Finished building: GRUZIK3.0.list
 
02:00:08 **** Incremental Build of configuration Debug for project GRUZIK3.0 ****
make -j4 all 
arm-none-eabi-size   GRUZIK3.0.elf 
   text	   data	    bss	    dec	    hex	filename
  61744	    492	   2684	  64920	   fd98	GRUZIK3.0.elf
Finished building: default.size.stdout
 
02:00:42 **** Incremental Build of configuration Debug for project GRUZIK3.0 ****
make -j4 all 
arm-none-eabi-size   GRUZIK3.0.elf 
   text	   data	    bss	    dec	    hex	filename
  61744	    492	   2684	  64920	   fd98	GRUZIK3.0.elf
Finished building: default.size.stdout
 
11:55:17 **** Incremental Build of configuration Debug for project GRUZIK3.0 ****
make -j4 all 
arm-none-eabi-gcc "../Core/Src/main.c" -mcpu=cortex-m4 -std=gnu11 -g3 -DDEBUG -DUSE_HAL_DRIVER -DSTM32G474xx -c -I../Core/Inc -I../Drivers/STM32G4xx_HAL_Driver/Inc -I../Drivers/STM32G4xx_HAL_Driver/Inc/Legacy -I../Drivers/CMSIS/Device/ST/STM32G4xx/Include -I../Drivers/CMSIS/Include -O0 -ffunction-sections -fdata-sections -Wall -fstack-usage -MMD -MP -MF"Core/Src/main.d" -MT"Core/Src/main.o" --specs=nano.specs -mfpu=fpv4-sp-d16 -mfloat-abi=hard -mthumb -o "Core/Src/main.o"
../Core/Src/main.c:87:17: warning: 'low_voltage_flag' defined but not used [-Wunused-variable]
   87 |  static uint8_t low_voltage_flag = 0;
      |                 ^~~~~~~~~~~~~~~~
../Core/Src/main.c:86:18: warning: 'low_voltage_time' defined but not used [-Wunused-variable]
   86 |  static uint32_t low_voltage_time;
      |                  ^~~~~~~~~~~~~~~~
arm-none-eabi-gcc -o "GRUZIK3.0.elf" @"objects.list"   -mcpu=cortex-m4 -T"D:\SN-USER\Projects\GRUZIK3.0-light\Software\GRUZIK3.0_Code\GRUZIK3.0\STM32G474RETX_FLASH.ld" --specs=nosys.specs -Wl,-Map="GRUZIK3.0.map" -Wl,--gc-sections -static --specs=nano.specs -mfpu=fpv4-sp-d16 -mfloat-abi=hard -mthumb -u _printf_float -Wl,--start-group -lc -lm -Wl,--end-group
Finished building target: GRUZIK3.0.elf
 
arm-none-eabi-size   GRUZIK3.0.elf 
arm-none-eabi-objdump -h -S  GRUZIK3.0.elf  > "GRUZIK3.0.list"
   text	   data	    bss	    dec	    hex	filename
  61744	    492	   2684	  64920	   fd98	GRUZIK3.0.elf
Finished building: default.size.stdout
 
Finished building: GRUZIK3.0.list
 
11:55:30 **** Incremental Build of configuration Debug for project GRUZIK3.0 ****
make -j4 all 
arm-none-eabi-size   GRUZIK3.0.elf 
   text	   data	    bss	    dec	    hex	filename
  61744	    492	   2684	  64920	   fd98	GRUZIK3.0.elf
Finished building: default.size.stdout
 
11:57:54 **** Incremental Build of configuration Debug for project GRUZIK3.0 ****
make -j4 all 
arm-none-eabi-gcc "../Core/Src/main.c" -mcpu=cortex-m4 -std=gnu11 -g3 -DDEBUG -DUSE_HAL_DRIVER -DSTM32G474xx -c -I../Core/Inc -I../Drivers/STM32G4xx_HAL_Driver/Inc -I../Drivers/STM32G4xx_HAL_Driver/Inc/Legacy -I../Drivers/CMSIS/Device/ST/STM32G4xx/Include -I../Drivers/CMSIS/Include -O0 -ffunction-sections -fdata-sections -Wall -fstack-usage -MMD -MP -MF"Core/Src/main.d" -MT"Core/Src/main.o" --specs=nano.specs -mfpu=fpv4-sp-d16 -mfloat-abi=hard -mthumb -o "Core/Src/main.o"
../Core/Src/main.c:87:17: warning: 'low_voltage_flag' defined but not used [-Wunused-variable]
   87 |  static uint8_t low_voltage_flag = 0;
      |                 ^~~~~~~~~~~~~~~~
../Core/Src/main.c:86:18: warning: 'low_voltage_time' defined but not used [-Wunused-variable]
   86 |  static uint32_t low_voltage_time;
      |                  ^~~~~~~~~~~~~~~~
arm-none-eabi-gcc -o "GRUZIK3.0.elf" @"objects.list"   -mcpu=cortex-m4 -T"D:\SN-USER\Projects\GRUZIK3.0-light\Software\GRUZIK3.0_Code\GRUZIK3.0\STM32G474RETX_FLASH.ld" --specs=nosys.specs -Wl,-Map="GRUZIK3.0.map" -Wl,--gc-sections -static --specs=nano.specs -mfpu=fpv4-sp-d16 -mfloat-abi=hard -mthumb -u _printf_float -Wl,--start-group -lc -lm -Wl,--end-group
Finished building target: GRUZIK3.0.elf
 
arm-none-eabi-size   GRUZIK3.0.elf 
arm-none-eabi-objdump -h -S  GRUZIK3.0.elf  > "GRUZIK3.0.list"
   text	   data	    bss	    dec	    hex	filename
  61744	    492	   2684	  64920	   fd98	GRUZIK3.0.elf
Finished building: default.size.stdout
 
Finished building: GRUZIK3.0.list
 
11:59:08 **** Incremental Build of configuration Debug for project GRUZIK3.0 ****
make -j4 all 
arm-none-eabi-gcc "../Core/Src/main.c" -mcpu=cortex-m4 -std=gnu11 -g3 -DDEBUG -DUSE_HAL_DRIVER -DSTM32G474xx -c -I../Core/Inc -I../Drivers/STM32G4xx_HAL_Driver/Inc -I../Drivers/STM32G4xx_HAL_Driver/Inc/Legacy -I../Drivers/CMSIS/Device/ST/STM32G4xx/Include -I../Drivers/CMSIS/Include -O0 -ffunction-sections -fdata-sections -Wall -fstack-usage -MMD -MP -MF"Core/Src/main.d" -MT"Core/Src/main.o" --specs=nano.specs -mfpu=fpv4-sp-d16 -mfloat-abi=hard -mthumb -o "Core/Src/main.o"
../Core/Src/main.c:87:17: warning: 'low_voltage_flag' defined but not used [-Wunused-variable]
   87 |  static uint8_t low_voltage_flag = 0;
      |                 ^~~~~~~~~~~~~~~~
../Core/Src/main.c:86:18: warning: 'low_voltage_time' defined but not used [-Wunused-variable]
   86 |  static uint32_t low_voltage_time;
      |                  ^~~~~~~~~~~~~~~~
arm-none-eabi-gcc -o "GRUZIK3.0.elf" @"objects.list"   -mcpu=cortex-m4 -T"D:\SN-USER\Projects\GRUZIK3.0-light\Software\GRUZIK3.0_Code\GRUZIK3.0\STM32G474RETX_FLASH.ld" --specs=nosys.specs -Wl,-Map="GRUZIK3.0.map" -Wl,--gc-sections -static --specs=nano.specs -mfpu=fpv4-sp-d16 -mfloat-abi=hard -mthumb -u _printf_float -Wl,--start-group -lc -lm -Wl,--end-group
Finished building target: GRUZIK3.0.elf
 
arm-none-eabi-size   GRUZIK3.0.elf 
arm-none-eabi-objdump -h -S  GRUZIK3.0.elf  > "GRUZIK3.0.list"
   text	   data	    bss	    dec	    hex	filename
  61744	    492	   2684	  64920	   fd98	GRUZIK3.0.elf
Finished building: default.size.stdout
 
Finished building: GRUZIK3.0.list
 
11:59:18 **** Incremental Build of configuration Debug for project GRUZIK3.0 ****
make -j4 all 
arm-none-eabi-size   GRUZIK3.0.elf 
   text	   data	    bss	    dec	    hex	filename
  61744	    492	   2684	  64920	   fd98	GRUZIK3.0.elf
Finished building: default.size.stdout
 
12:08:18 **** Incremental Build of configuration Debug for project GRUZIK3.0 ****
make -j4 all 
arm-none-eabi-size   GRUZIK3.0.elf 
   text	   data	    bss	    dec	    hex	filename
  61744	    492	   2684	  64920	   fd98	GRUZIK3.0.elf
Finished building: default.size.stdout
 
12:11:02 **** Incremental Build of configuration Debug for project GRUZIK3.0 ****
make -j4 all 
arm-none-eabi-gcc -o "GRUZIK3.0.elf" @"objects.list"   -mcpu=cortex-m4 -T"D:\SN-USER\Projects\GRUZIK3.0-light\Software\GRUZIK3.0_Code\GRUZIK3.0\STM32G474RETX_FLASH.ld" --specs=nosys.specs -Wl,-Map="GRUZIK3.0.map" -Wl,--gc-sections -static --specs=nano.specs -mfpu=fpv4-sp-d16 -mfloat-abi=hard -mthumb -u _printf_float -Wl,--start-group -lc -lm -Wl,--end-group
Finished building target: GRUZIK3.0.elf
 
arm-none-eabi-size   GRUZIK3.0.elf 
arm-none-eabi-objdump -h -S  GRUZIK3.0.elf  > "GRUZIK3.0.list"
   text	   data	    bss	    dec	    hex	filename
  61744	    492	   2684	  64920	   fd98	GRUZIK3.0.elf
Finished building: default.size.stdout
 
Finished building: GRUZIK3.0.list
 
12:17:25 **** Incremental Build of configuration Debug for project GRUZIK3.0 ****
make -j4 all 
arm-none-eabi-gcc "../Core/Src/main.c" -mcpu=cortex-m4 -std=gnu11 -g3 -DDEBUG -DUSE_HAL_DRIVER -DSTM32G474xx -c -I../Core/Inc -I../Drivers/STM32G4xx_HAL_Driver/Inc -I../Drivers/STM32G4xx_HAL_Driver/Inc/Legacy -I../Drivers/CMSIS/Device/ST/STM32G4xx/Include -I../Drivers/CMSIS/Include -O0 -ffunction-sections -fdata-sections -Wall -fstack-usage -MMD -MP -MF"Core/Src/main.d" -MT"Core/Src/main.o" --specs=nano.specs -mfpu=fpv4-sp-d16 -mfloat-abi=hard -mthumb -o "Core/Src/main.o"
../Core/Src/main.c:87:17: warning: 'low_voltage_flag' defined but not used [-Wunused-variable]
   87 |  static uint8_t low_voltage_flag = 0;
      |                 ^~~~~~~~~~~~~~~~
../Core/Src/main.c:86:18: warning: 'low_voltage_time' defined but not used [-Wunused-variable]
   86 |  static uint32_t low_voltage_time;
      |                  ^~~~~~~~~~~~~~~~
arm-none-eabi-gcc -o "GRUZIK3.0.elf" @"objects.list"   -mcpu=cortex-m4 -T"D:\SN-USER\Projects\GRUZIK3.0-light\Software\GRUZIK3.0_Code\GRUZIK3.0\STM32G474RETX_FLASH.ld" --specs=nosys.specs -Wl,-Map="GRUZIK3.0.map" -Wl,--gc-sections -static --specs=nano.specs -mfpu=fpv4-sp-d16 -mfloat-abi=hard -mthumb -u _printf_float -Wl,--start-group -lc -lm -Wl,--end-group
Finished building target: GRUZIK3.0.elf
 
arm-none-eabi-size   GRUZIK3.0.elf 
arm-none-eabi-objdump -h -S  GRUZIK3.0.elf  > "GRUZIK3.0.list"
   text	   data	    bss	    dec	    hex	filename
  61744	    492	   2684	  64920	   fd98	GRUZIK3.0.elf
Finished building: default.size.stdout
 
Finished building: GRUZIK3.0.list
 
12:17:50 **** Incremental Build of configuration Debug for project GRUZIK3.0 ****
make -j4 all 
arm-none-eabi-size   GRUZIK3.0.elf 
   text	   data	    bss	    dec	    hex	filename
  61744	    492	   2684	  64920	   fd98	GRUZIK3.0.elf
Finished building: default.size.stdout
 
12:21:20 **** Incremental Build of configuration Debug for project GRUZIK3.0 ****
make -j4 all 
arm-none-eabi-gcc "../Core/Src/main.c" -mcpu=cortex-m4 -std=gnu11 -g3 -DDEBUG -DUSE_HAL_DRIVER -DSTM32G474xx -c -I../Core/Inc -I../Drivers/STM32G4xx_HAL_Driver/Inc -I../Drivers/STM32G4xx_HAL_Driver/Inc/Legacy -I../Drivers/CMSIS/Device/ST/STM32G4xx/Include -I../Drivers/CMSIS/Include -O0 -ffunction-sections -fdata-sections -Wall -fstack-usage -MMD -MP -MF"Core/Src/main.d" -MT"Core/Src/main.o" --specs=nano.specs -mfpu=fpv4-sp-d16 -mfloat-abi=hard -mthumb -o "Core/Src/main.o"
../Core/Src/main.c:87:17: warning: 'low_voltage_flag' defined but not used [-Wunused-variable]
   87 |  static uint8_t low_voltage_flag = 0;
      |                 ^~~~~~~~~~~~~~~~
../Core/Src/main.c:86:18: warning: 'low_voltage_time' defined but not used [-Wunused-variable]
   86 |  static uint32_t low_voltage_time;
      |                  ^~~~~~~~~~~~~~~~
arm-none-eabi-gcc -o "GRUZIK3.0.elf" @"objects.list"   -mcpu=cortex-m4 -T"D:\SN-USER\Projects\GRUZIK3.0-light\Software\GRUZIK3.0_Code\GRUZIK3.0\STM32G474RETX_FLASH.ld" --specs=nosys.specs -Wl,-Map="GRUZIK3.0.map" -Wl,--gc-sections -static --specs=nano.specs -mfpu=fpv4-sp-d16 -mfloat-abi=hard -mthumb -u _printf_float -Wl,--start-group -lc -lm -Wl,--end-group
Finished building target: GRUZIK3.0.elf
 
[...]
  63808	    492	   3036	  67336	  10708	GRUZIK3.0.elf
Finished building: default.size.stdout
 
04:04:49 **** Incremental Build of configuration Debug for project GRUZIK3.0 ****
make -j4 all 
arm-none-eabi-size   GRUZIK3.0.elf 
   text	   data	    bss	    dec	    hex	filename
  63808	    492	   3036	  67336	  10708	GRUZIK3.0.elf
Finished building: default.size.stdout
 
04:07:07 **** Incremental Build of configuration Debug for project GRUZIK3.0 ****
make -j4 all 
arm-none-eabi-gcc "../Core/Src/main.c" -mcpu=cortex-m4 -std=gnu11 -g3 -DDEBUG -DUSE_HAL_DRIVER -DSTM32G474xx -c -I../Core/Inc -I../Drivers/STM32G4xx_HAL_Driver/Inc -I../Drivers/STM32G4xx_HAL_Driver/Inc/Legacy -I../Drivers/CMSIS/Device/ST/STM32G4xx/Include -I../Drivers/CMSIS/Include -O0 -ffunction-sections -fdata-sections -Wall -fstack-usage -MMD -MP -MF"Core/Src/main.d" -MT"Core/Src/main.o" --specs=nano.specs -mfpu=fpv4-sp-d16 -mfloat-abi=hard -mthumb -o "Core/Src/main.o"
arm-none-eabi-gcc -o "GRUZIK3.0.elf" @"objects.list"   -mcpu=cortex-m4 -T"D:\SN-USER\Projects\GRUZIK3.0-light\Software\GRUZIK3.0_Code\GRUZIK3.0\STM32G474RETX_FLASH.ld" --specs=nosys.specs -Wl,-Map="GRUZIK3.0.map" -Wl,--gc-sections -static --specs=nano.specs -mfpu=fpv4-sp-d16 -mfloat-abi=hard -mthumb -u _printf_float -Wl,--start-group -lc -lm -Wl,--end-group
Finished building target: GRUZIK3.0.elf
 
arm-none-eabi-size   GRUZIK3.0.elf 
arm-none-eabi-objdump -h -S  GRUZIK3.0.elf  > "GRUZIK3.0.list"
   text	   data	    bss	    dec	    hex	filename
  63808	    492	   3036	  67336	  10708	GRUZIK3.0.elf
Finished building: default.size.stdout
 
Finished building: GRUZIK3.0.list
 
04:07:11 **** Incremental Build of configuration Debug for project GRUZIK3.0 ****
make -j4 all 
arm-none-eabi-size   GRUZIK3.0.elf 
   text	   data	    bss	    dec	    hex	filename
  63808	    492	   3036	  67336	  10708	GRUZIK3.0.elf
Finished building: default.size.stdout
 
04:07:48 **** Incremental Build of configuration Debug for project GRUZIK3.0 ****
make -j4 all 
arm-none-eabi-size   GRUZIK3.0.elf 
   text	   data	    bss	    dec	    hex	filename
  63808	    492	   3036	  67336	  10708	GRUZIK3.0.elf
Finished building: default.size.stdout
 
04:08:15 **** Incremental Build of configuration Debug for project GRUZIK3.0 ****
make -j4 all 
arm-none-eabi-gcc "../Core/Src/main.c" -mcpu=cortex-m4 -std=gnu11 -g3 -DDEBUG -DUSE_HAL_DRIVER -DSTM32G474xx -c -I../Core/Inc -I../Drivers/STM32G4xx_HAL_Driver/Inc -I../Drivers/STM32G4xx_HAL_Driver/Inc/Legacy -I../Drivers/CMSIS/Device/ST/STM32G4xx/Include -I../Drivers/CMSIS/Include -O0 -ffunction-sections -fdata-sections -Wall -fstack-usage -MMD -MP -MF"Core/Src/main.d" -MT"Core/Src/main.o" --specs=nano.specs -mfpu=fpv4-sp-d16 -mfloat-abi=hard -mthumb -o "Core/Src/main.o"
arm-none-eabi-gcc -o "GRUZIK3.0.elf" @"objects.list"   -mcpu=cortex-m4 -T"D:\SN-USER\Projects\GRUZIK3.0-light\Software\GRUZIK3.0_Code\GRUZIK3.0\STM32G474RETX_FLASH.ld" --specs=nosys.specs -Wl,-Map="GRUZIK3.0.map" -Wl,--gc-sections -static --specs=nano.specs -mfpu=fpv4-sp-d16 -mfloat-abi=hard -mthumb -u _printf_float -Wl,--start-group -lc -lm -Wl,--end-group
Finished building target: GRUZIK3.0.elf
 
arm-none-eabi-size   GRUZIK3.0.elf 
arm-none-eabi-objdump -h -S  GRUZIK3.0.elf  > "GRUZIK3.0.list"
   text	   data	    bss	    dec	    hex	filename
  63696	    492	   3036	  67224	  10698	GRUZIK3.0.elf
Finished building: default.size.stdout
 
Finished building: GRUZIK3.0.list
 
04:10:08 **** Incremental Build of configuration Debug for project GRUZIK3.0 ****
make -j4 all 
arm-none-eabi-gcc "../Core/Src/main.c" -mcpu=cortex-m4 -std=gnu11 -g3 -DDEBUG -DUSE_HAL_DRIVER -DSTM32G474xx -c -I../Core/Inc -I../Drivers/STM32G4xx_HAL_Driver/Inc -I../Drivers/STM32G4xx_HAL_Driver/Inc/Legacy -I../Drivers/CMSIS/Device/ST/STM32G4xx/Include -I../Drivers/CMSIS/Include -O0 -ffunction-sections -fdata-sections -Wall -fstack-usage -MMD -MP -MF"Core/Src/main.d" -MT"Core/Src/main.o" --specs=nano.specs -mfpu=fpv4-sp-d16 -mfloat-abi=hard -mthumb -o "Core/Src/main.o"
arm-none-eabi-gcc "../Core/Src/motor.c" -mcpu=cortex-m4 -std=gnu11 -g3 -DDEBUG -DUSE_HAL_DRIVER -DSTM32G474xx -c -I../Core/Inc -I../Drivers/STM32G4xx_HAL_Driver/Inc -I../Drivers/STM32G4xx_HAL_Driver/Inc/Legacy -I../Drivers/CMSIS/Device/ST/STM32G4xx/Include -I../Drivers/CMSIS/Include -O0 -ffunction-sections -fdata-sections -Wall -fstack-usage -MMD -MP -MF"Core/Src/motor.d" -MT"Core/Src/motor.o" --specs=nano.specs -mfpu=fpv4-sp-d16 -mfloat-abi=hard -mthumb -o "Core/Src/motor.o"
../Core/Src/motor.c: In function 'Motor_CalculateSpeed':
../Core/Src/motor.c:18:9: warning: unused variable 'NumberOfRotations' [-Wunused-variable]
   18 |   float NumberOfRotations = impulses * (1 / motor->ImpulsesPerRotation);
      |         ^~~~~~~~~~~~~~~~~
../Core/Src/motor.c:23:17: error: 'NumberOfRotations' undeclared (first use in this function)
   23 |   motor->RPM = (NumberOfRotations / motor->period) / (60 / motor->period); // rotations per period / "thing to that converts it to PER MINUTE"
      |                 ^~~~~~~~~~~~~~~~~
../Core/Src/motor.c:23:17: note: each undeclared identifier is reported only once for each function it appears in
make: *** [Core/Src/subdir.mk:67: Core/Src/motor.o] Error 1
make: *** Waiting for unfinished jobs....
"make -j4 all" terminated with exit code 2. Build might be incomplete.
04:10:45 **** Incremental Build of configuration Debug for project GRUZIK3.0 ****
make -j4 all 
arm-none-eabi-gcc "../Core/Src/motor.c" -mcpu=cortex-m4 -std=gnu11 -g3 -DDEBUG -DUSE_HAL_DRIVER -DSTM32G474xx -c -I../Core/Inc -I../Drivers/STM32G4xx_HAL_Driver/Inc -I../Drivers/STM32G4xx_HAL_Driver/Inc/Legacy -I../Drivers/CMSIS/Device/ST/STM32G4xx/Include -I../Drivers/CMSIS/Include -O0 -ffunction-sections -fdata-sections -Wall -fstack-usage -MMD -MP -MF"Core/Src/motor.d" -MT"Core/Src/motor.o" --specs=nano.specs -mfpu=fpv4-sp-d16 -mfloat-abi=hard -mthumb -o "Core/Src/motor.o"
../Core/Src/motor.c: In function 'Motor_CalculateSpeed':
../Core/Src/motor.c:18:9: warning: unused variable 'NumberOfRotations' [-Wunused-variable]
   18 |   float NumberOfRotations = impulses * (1 / motor->ImpulsesPerRotation);
      |         ^~~~~~~~~~~~~~~~~
../Core/Src/motor.c:23:17: error: 'Num' undeclared (first use in this function)
   23 |   motor->RPM = (Num / motor->period) / (60 / motor->period); // rotations per period / "thing to that converts it to PER MINUTE"
      |                 ^~~
../Core/Src/motor.c:23:17: note: each undeclared identifier is reported only once for each function it appears in
make: *** [Core/Src/subdir.mk:67: Core/Src/motor.o] Error 1
"make -j4 all" terminated with exit code 2. Build might be incomplete.
04:11:11 **** Incremental Build of configuration Debug for project GRUZIK3.0 ****
make -j4 all 
arm-none-eabi-gcc "../Core/Src/motor.c" -mcpu=cortex-m4 -std=gnu11 -g3 -DDEBUG -DUSE_HAL_DRIVER -DSTM32G474xx -c -I../Core/Inc -I../Drivers/STM32G4xx_HAL_Driver/Inc -I../Drivers/STM32G4xx_HAL_Driver/Inc/Legacy -I../Drivers/CMSIS/Device/ST/STM32G4xx/Include -I../Drivers/CMSIS/Include -O0 -ffunction-sections -fdata-sections -Wall -fstack-usage -MMD -MP -MF"Core/Src/motor.d" -MT"Core/Src/motor.o" --specs=nano.specs -mfpu=fpv4-sp-d16 -mfloat-abi=hard -mthumb -o "Core/Src/motor.o"
../Core/Src/motor.c: In function 'Motor_CalculateSpeed':
../Core/Src/motor.c:18:9: warning: unused variable 'NumberOfRotations' [-Wunused-variable]
   18 |   float NumberOfRotations = impulses * (1 / motor->ImpulsesPerRotation);
      |         ^~~~~~~~~~~~~~~~~
../Core/Src/motor.c:24:17: error: 'NumberOfRotations' undeclared (first use in this function)
   24 |   motor->RPM = (NumberOfRotations / motor->period) / (60 / motor->period); // rotations per period / "thing to that converts it to PER MINUTE"
      |                 ^~~~~~~~~~~~~~~~~
../Core/Src/motor.c:24:17: note: each undeclared identifier is reported only once for each function it appears in
make: *** [Core/Src/subdir.mk:67: Core/Src/motor.o] Error 1
"make -j4 all" terminated with exit code 2. Build might be incomplete.
04:11:40 **** Incremental Build of configuration Debug for project GRUZIK3.0 ****
make -j4 all 
arm-none-eabi-gcc "../Core/Src/motor.c" -mcpu=cortex-m4 -std=gnu11 -g3 -DDEBUG -DUSE_HAL_DRIVER -DSTM32G474xx -c -I../Core/Inc -I../Drivers/STM32G4xx_HAL_Driver/Inc -I../Drivers/STM32G4xx_HAL_Driver/Inc/Legacy -I../Drivers/CMSIS/Device/ST/STM32G4xx/Include -I../Drivers/CMSIS/Include -O0 -ffunction-sections -fdata-sections -Wall -fstack-usage -MMD -MP -MF"Core/Src/motor.d" -MT"Core/Src/motor.o" --specs=nano.specs -mfpu=fpv4-sp-d16 -mfloat-abi=hard -mthumb -o "Core/Src/motor.o"
../Core/Src/motor.c: In function 'Motor_CalculateSpeed':
../Core/Src/motor.c:18:9: warning: unused variable 'NumberOfRotations' [-Wunused-variable]
   18 |   float NumberOfRotations = impulses * (1 / motor->ImpulsesPerRotation);
      |         ^~~~~~~~~~~~~~~~~
../Core/Src/motor.c:23:17: error: 'NumberOfRotations' undeclared (first use in this function)
   23 |   motor->RPM = (NumberOfRotations / motor->period) / (60 / motor->period); // rotations per period / "thing to that converts it to PER MINUTE"
      |                 ^~~~~~~~~~~~~~~~~
../Core/Src/motor.c:23:17: note: each undeclared identifier is reported only once for each function it appears in
make: *** [Core/Src/subdir.mk:67: Core/Src/motor.o] Error 1
"make -j4 all" terminated with exit code 2. Build might be incomplete.
04:12:34 **** Incremental Build of configuration Debug for project GRUZIK3.0 ****
make -j4 all 
arm-none-eabi-gcc "../Core/Src/main.c" -mcpu=cortex-m4 -std=gnu11 -g3 -DDEBUG -DUSE_HAL_DRIVER -DSTM32G474xx -c -I../Core/Inc -I../Drivers/STM32G4xx_HAL_Driver/Inc -I../Drivers/STM32G4xx_HAL_Driver/Inc/Legacy -I../Drivers/CMSIS/Device/ST/STM32G4xx/Include -I../Drivers/CMSIS/Include -O0 -ffunction-sections -fdata-sections -Wall -fstack-usage -MMD -MP -MF"Core/Src/main.d" -MT"Core/Src/main.o" --specs=nano.specs -mfpu=fpv4-sp-d16 -mfloat-abi=hard -mthumb -o "Core/Src/main.o"
arm-none-eabi-gcc "../Core/Src/motor.c" -mcpu=cortex-m4 -std=gnu11 -g3 -DDEBUG -DUSE_HAL_DRIVER -DSTM32G474xx -c -I../Core/Inc -I../Drivers/STM32G4xx_HAL_Driver/Inc -I../Drivers/STM32G4xx_HAL_Driver/Inc/Legacy -I../Drivers/CMSIS/Device/ST/STM32G4xx/Include -I../Drivers/CMSIS/Include -O0 -ffunction-sections -fdata-sections -Wall -fstack-usage -MMD -MP -MF"Core/Src/motor.d" -MT"Core/Src/motor.o" --specs=nano.specs -mfpu=fpv4-sp-d16 -mfloat-abi=hard -mthumb -o "Core/Src/motor.o"
arm-none-eabi-gcc -o "GRUZIK3.0.elf" @"objects.list"   -mcpu=cortex-m4 -T"D:\SN-USER\Projects\GRUZIK3.0-light\Software\GRUZIK3.0_Code\GRUZIK3.0\STM32G474RETX_FLASH.ld" --specs=nosys.specs -Wl,-Map="GRUZIK3.0.map" -Wl,--gc-sections -static --specs=nano.specs -mfpu=fpv4-sp-d16 -mfloat-abi=hard -mthumb -u _printf_float -Wl,--start-group -lc -lm -Wl,--end-group
Finished building target: GRUZIK3.0.elf
 
arm-none-eabi-size   GRUZIK3.0.elf 
arm-none-eabi-objdump -h -S  GRUZIK3.0.elf  > "GRUZIK3.0.list"
   text	   data	    bss	    dec	    hex	filename
  63832	    492	   3044	  67368	  10728	GRUZIK3.0.elf
Finished building: default.size.stdout
 
Finished building: GRUZIK3.0.list
 
04:12:38 **** Incremental Build of configuration Debug for project GRUZIK3.0 ****
make -j4 all 
arm-none-eabi-size   GRUZIK3.0.elf 
   text	   data	    bss	    dec	    hex	filename
  63832	    492	   3044	  67368	  10728	GRUZIK3.0.elf
Finished building: default.size.stdout
 
04:23:51 **** Incremental Build of configuration Debug for project GRUZIK3.0 ****
make -j4 all 
arm-none-eabi-gcc "../Core/Src/motor.c" -mcpu=cortex-m4 -std=gnu11 -g3 -DDEBUG -DUSE_HAL_DRIVER -DSTM32G474xx -c -I../Core/Inc -I../Drivers/STM32G4xx_HAL_Driver/Inc -I../Drivers/STM32G4xx_HAL_Driver/Inc/Legacy -I../Drivers/CMSIS/Device/ST/STM32G4xx/Include -I../Drivers/CMSIS/Include -O0 -ffunction-sections -fdata-sections -Wall -fstack-usage -MMD -MP -MF"Core/Src/motor.d" -MT"Core/Src/motor.o" --specs=nano.specs -mfpu=fpv4-sp-d16 -mfloat-abi=hard -mthumb -o "Core/Src/motor.o"
arm-none-eabi-gcc -o "GRUZIK3.0.elf" @"objects.list"   -mcpu=cortex-m4 -T"D:\SN-USER\Projects\GRUZIK3.0-light\Software\GRUZIK3.0_Code\GRUZIK3.0\STM32G474RETX_FLASH.ld" --specs=nosys.specs -Wl,-Map="GRUZIK3.0.map" -Wl,--gc-sections -static --specs=nano.specs -mfpu=fpv4-sp-d16 -mfloat-abi=hard -mthumb -u _printf_float -Wl,--start-group -lc -lm -Wl,--end-group
Finished building target: GRUZIK3.0.elf
 
arm-none-eabi-size   GRUZIK3.0.elf 
arm-none-eabi-objdump -h -S  GRUZIK3.0.elf  > "GRUZIK3.0.list"
   text	   data	    bss	    dec	    hex	filename
  63840	    492	   3044	  67376	  10730	GRUZIK3.0.elf
Finished building: default.size.stdout
 
Finished building: GRUZIK3.0.list
 
04:24:09 **** Incremental Build of configuration Debug for project GRUZIK3.0 ****
make -j4 all 
arm-none-eabi-size   GRUZIK3.0.elf 
   text	   data	    bss	    dec	    hex	filename
  63840	    492	   3044	  67376	  10730	GRUZIK3.0.elf
Finished building: default.size.stdout
 
04:28:34 **** Incremental Build of configuration Debug for project GRUZIK3.0 ****
make -j4 all 
arm-none-eabi-gcc "../Core/Src/motor.c" -mcpu=cortex-m4 -std=gnu11 -g3 -DDEBUG -DUSE_HAL_DRIVER -DSTM32G474xx -c -I../Core/Inc -I../Drivers/STM32G4xx_HAL_Driver/Inc -I../Drivers/STM32G4xx_HAL_Driver/Inc/Legacy -I../Drivers/CMSIS/Device/ST/STM32G4xx/Include -I../Drivers/CMSIS/Include -O0 -ffunction-sections -fdata-sections -Wall -fstack-usage -MMD -MP -MF"Core/Src/motor.d" -MT"Core/Src/motor.o" --specs=nano.specs -mfpu=fpv4-sp-d16 -mfloat-abi=hard -mthumb -o "Core/Src/motor.o"
arm-none-eabi-gcc -o "GRUZIK3.0.elf" @"objects.list"   -mcpu=cortex-m4 -T"D:\SN-USER\Projects\GRUZIK3.0-light\Software\GRUZIK3.0_Code\GRUZIK3.0\STM32G474RETX_FLASH.ld" --specs=nosys.specs -Wl,-Map="GRUZIK3.0.map" -Wl,--gc-sections -static --specs=nano.specs -mfpu=fpv4-sp-d16 -mfloat-abi=hard -mthumb -u _printf_float -Wl,--start-group -lc -lm -Wl,--end-group
Finished building target: GRUZIK3.0.elf
 
arm-none-eabi-size   GRUZIK3.0.elf 
arm-none-eabi-objdump -h -S  GRUZIK3.0.elf  > "GRUZIK3.0.list"
   text	   data	    bss	    dec	    hex	filename
  63848	    492	   3044	  67384	  10738	GRUZIK3.0.elf
Finished building: default.size.stdout
 
Finished building: GRUZIK3.0.list
 
04:30:41 **** Incremental Build of configuration Debug for project GRUZIK3.0 ****
make -j4 all 
arm-none-eabi-gcc "../Core/Src/motor.c" -mcpu=cortex-m4 -std=gnu11 -g3 -DDEBUG -DUSE_HAL_DRIVER -DSTM32G474xx -c -I../Core/Inc -I../Drivers/STM32G4xx_HAL_Driver/Inc -I../Drivers/STM32G4xx_HAL_Driver/Inc/Legacy -I../Drivers/CMSIS/Device/ST/STM32G4xx/Include -I../Drivers/CMSIS/Include -O0 -ffunction-sections -fdata-sections -Wall -fstack-usage -MMD -MP -MF"Core/Src/motor.d" -MT"Core/Src/motor.o" --specs=nano.specs -mfpu=fpv4-sp-d16 -mfloat-abi=hard -mthumb -o "Core/Src/motor.o"
../Core/Src/motor.c: In function 'Motor_CalculateSpeed':
../Core/Src/motor.c:14:9: error: two or more data types in declaration specifiers
   14 |  double int impulses = motor->EncoderValue - motor->EncoderPreviousValue;
      |         ^~~
make: *** [Core/Src/subdir.mk:67: Core/Src/motor.o] Error 1
"make -j4 all" terminated with exit code 2. Build might be incomplete.
04:31:28 **** Incremental Build of configuration Debug for project GRUZIK3.0 ****
make -j4 all 
arm-none-eabi-gcc "../Core/Src/motor.c" -mcpu=cortex-m4 -std=gnu11 -g3 -DDEBUG -DUSE_HAL_DRIVER -DSTM32G474xx -c -I../Core/Inc -I../Drivers/STM32G4xx_HAL_Driver/Inc -I../Drivers/STM32G4xx_HAL_Driver/Inc/Legacy -I../Drivers/CMSIS/Device/ST/STM32G4xx/Include -I../Drivers/CMSIS/Include -O0 -ffunction-sections -fdata-sections -Wall -fstack-usage -MMD -MP -MF"Core/Src/motor.d" -MT"Core/Src/motor.o" --specs=nano.specs -mfpu=fpv4-sp-d16 -mfloat-abi=hard -mthumb -o "Core/Src/motor.o"
arm-none-eabi-gcc -o "GRUZIK3.0.elf" @"objects.list"   -mcpu=cortex-m4 -T"D:\SN-USER\Projects\GRUZIK3.0-light\Software\GRUZIK3.0_Code\GRUZIK3.0\STM32G474RETX_FLASH.ld" --specs=nosys.specs -Wl,-Map="GRUZIK3.0.map" -Wl,--gc-sections -static --specs=nano.specs -mfpu=fpv4-sp-d16 -mfloat-abi=hard -mthumb -u _printf_float -Wl,--start-group -lc -lm -Wl,--end-group
Finished building target: GRUZIK3.0.elf
 
arm-none-eabi-size   GRUZIK3.0.elf 
arm-none-eabi-objdump -h -S  GRUZIK3.0.elf  > "GRUZIK3.0.list"
   text	   data	    bss	    dec	    hex	filename
  63848	    492	   3044	  67384	  10738	GRUZIK3.0.elf
Finished building: default.size.stdout
 
Finished building: GRUZIK3.0.list
 
04:31:36 **** Incremental Build of configuration Debug for project GRUZIK3.0 ****
make -j4 all 
arm-none-eabi-size   GRUZIK3.0.elf 
   text	   data	    bss	    dec	    hex	filename
  63848	    492	   3044	  67384	  10738	GRUZIK3.0.elf
Finished building: default.size.stdout
 
04:56:41 **** Incremental Build of configuration Debug for project GRUZIK3.0 ****
make -j4 all 
arm-none-eabi-gcc "../Core/Src/main.c" -mcpu=cortex-m4 -std=gnu11 -g3 -DDEBUG -DUSE_HAL_DRIVER -DSTM32G474xx -c -I../Core/Inc -I../Drivers/STM32G4xx_HAL_Driver/Inc -I../Drivers/STM32G4xx_HAL_Driver/Inc/Legacy -I../Drivers/CMSIS/Device/ST/STM32G4xx/Include -I../Drivers/CMSIS/Include -O0 -ffunction-sections -fdata-sections -Wall -fstack-usage -MMD -MP -MF"Core/Src/main.d" -MT"Core/Src/main.o" --specs=nano.specs -mfpu=fpv4-sp-d16 -mfloat-abi=hard -mthumb -o "Core/Src/main.o"
arm-none-eabi-gcc "../Core/Src/motor.c" -mcpu=cortex-m4 -std=gnu11 -g3 -DDEBUG -DUSE_HAL_DRIVER -DSTM32G474xx -c -I../Core/Inc -I../Drivers/STM32G4xx_HAL_Driver/Inc -I../Drivers/STM32G4xx_HAL_Driver/Inc/Legacy -I../Drivers/CMSIS/Device/ST/STM32G4xx/Include -I../Drivers/CMSIS/Include -O0 -ffunction-sections -fdata-sections -Wall -fstack-usage -MMD -MP -MF"Core/Src/motor.d" -MT"Core/Src/motor.o" --specs=nano.specs -mfpu=fpv4-sp-d16 -mfloat-abi=hard -mthumb -o "Core/Src/motor.o"
arm-none-eabi-gcc -o "GRUZIK3.0.elf" @"objects.list"   -mcpu=cortex-m4 -T"D:\SN-USER\Projects\GRUZIK3.0-light\Software\GRUZIK3.0_Code\GRUZIK3.0\STM32G474RETX_FLASH.ld" --specs=nosys.specs -Wl,-Map="GRUZIK3.0.map" -Wl,--gc-sections -static --specs=nano.specs -mfpu=fpv4-sp-d16 -mfloat-abi=hard -mthumb -u _printf_float -Wl,--start-group -lc -lm -Wl,--end-group
Finished building target: GRUZIK3.0.elf
 
arm-none-eabi-size   GRUZIK3.0.elf 
arm-none-eabi-objdump -h -S  GRUZIK3.0.elf  > "GRUZIK3.0.list"
   text	   data	    bss	    dec	    hex	filename
  63848	    492	   3052	  67392	  10740	GRUZIK3.0.elf
Finished building: default.size.stdout
 
Finished building: GRUZIK3.0.list
 
04:57:09 **** Incremental Build of configuration Debug for project GRUZIK3.0 ****
make -j4 all 
arm-none-eabi-gcc "../Core/Src/motor.c" -mcpu=cortex-m4 -std=gnu11 -g3 -DDEBUG -DUSE_HAL_DRIVER -DSTM32G474xx -c -I../Core/Inc -I../Drivers/STM32G4xx_HAL_Driver/Inc -I../Drivers/STM32G4xx_HAL_Driver/Inc/Legacy -I../Drivers/CMSIS/Device/ST/STM32G4xx/Include -I../Drivers/CMSIS/Include -O0 -ffunction-sections -fdata-sections -Wall -fstack-usage -MMD -MP -MF"Core/Src/motor.d" -MT"Core/Src/motor.o" --specs=nano.specs -mfpu=fpv4-sp-d16 -mfloat-abi=hard -mthumb -o "Core/Src/motor.o"
arm-none-eabi-gcc -o "GRUZIK3.0.elf" @"objects.list"   -mcpu=cortex-m4 -T"D:\SN-USER\Projects\GRUZIK3.0-light\Software\GRUZIK3.0_Code\GRUZIK3.0\STM32G474RETX_FLASH.ld" --specs=nosys.specs -Wl,-Map="GRUZIK3.0.map" -Wl,--gc-sections -static --specs=nano.specs -mfpu=fpv4-sp-d16 -mfloat-abi=hard -mthumb -u _printf_float -Wl,--start-group -lc -lm -Wl,--end-group
Finished building target: GRUZIK3.0.elf
 
arm-none-eabi-size   GRUZIK3.0.elf 
arm-none-eabi-objdump -h -S  GRUZIK3.0.elf  > "GRUZIK3.0.list"
   text	   data	    bss	    dec	    hex	filename
  63896	    492	   3052	  67440	  10770	GRUZIK3.0.elf
Finished building: default.size.stdout
 
Finished building: GRUZIK3.0.list
 
04:58:04 **** Incremental Build of configuration Debug for project GRUZIK3.0 ****
make -j4 all 
arm-none-eabi-size   GRUZIK3.0.elf 
   text	   data	    bss	    dec	    hex	filename
  63896	    492	   3052	  67440	  10770	GRUZIK3.0.elf
Finished building: default.size.stdout
 
