20:31:07 **** Incremental Build of configuration Debug for project GRUZIK3.0 ****
make -j8 all 
arm-none-eabi-gcc "../Core/Src/motor.c" -mcpu=cortex-m4 -std=gnu11 -g3 -DDEBUG -DUSE_HAL_DRIVER -DSTM32G474xx -c -I../Core/Inc -I../Drivers/STM32G4xx_HAL_Driver/Inc -I../Drivers/STM32G4xx_HAL_Driver/Inc/Legacy -I../Drivers/CMSIS/Device/ST/STM32G4xx/Include -I../Drivers/CMSIS/Include -O0 -ffunction-sections -fdata-sections -Wall -fstack-usage -fcyclomatic-complexity -MMD -MP -MF"Core/Src/motor.d" -MT"Core/Src/motor.o" --specs=nano.specs -mfpu=fpv4-sp-d16 -mfloat-abi=hard -mthumb -o "Core/Src/motor.o"
../Core/Src/motor.c:11:13: warning: 'Motor_SavePreviousRPMs' defined but not used [-Wunused-function]
   11 | static void Motor_SavePreviousRPMs(motor_t *motor, float rpm)
      |             ^~~~~~~~~~~~~~~~~~~~~~
arm-none-eabi-gcc -o "GRUZIK3.0.elf" @"objects.list"   -mcpu=cortex-m4 -T"D:\SN-USER\Projects\GRUZIK3.0-light\Software\GRUZIK3.0_Code\GRUZIK3.0\STM32G474RETX_FLASH.ld" --specs=nosys.specs -Wl,-Map="GRUZIK3.0.map" -Wl,--gc-sections -static --specs=nano.specs -mfpu=fpv4-sp-d16 -mfloat-abi=hard -mthumb -u _printf_float -Wl,--start-group -lc -lm -Wl,--end-group
C:/ST/STM32CubeIDE_1.16.1/STM32CubeIDE/plugins/com.st.stm32cube.ide.mcu.externaltools.gnu-tools-for-stm32.12.3.rel1.win32_1.1.0.202410251130/tools/bin/../lib/gcc/arm-none-eabi/12.3.1/../../../../arm-none-eabi/bin/ld.exe: warning: GRUZIK3.0.elf has a LOAD segment with RWX permissions
Finished building target: GRUZIK3.0.elf
 
arm-none-eabi-size  GRUZIK3.0.elf 
arm-none-eabi-objdump -h -S GRUZIK3.0.elf  > "GRUZIK3.0.list"
   text	   data	    bss	    dec	    hex	filename
  63740	    480	   3472	  67692	  1086c	GRUZIK3.0.elf
Finished building: default.size.stdout
 
Finished building: GRUZIK3.0.list
 

20:31:09 Build Finished. 0 errors, 2 warnings. (took 1s.700ms)

